Archive member included to satisfy reference by file (symbol)

c:/vsarm/armcc/102021~1.10/bin/../lib/gcc/arm-none-eabi/10.3.1/thumb/v6-m/nofp\libgcc.a(_dvmd_tls.o)
                              CMakeFiles/FIRFilter.dir/C_/VSARM/sdk/pico/pico-sdk/src/rp2_common/pico_divider/divider.S.obj (__aeabi_idiv0)
c:/vsarm/armcc/102021~1.10/bin/../lib/gcc/arm-none-eabi/10.3.1/../../../../arm-none-eabi/lib/thumb/v6-m/nofp\libg.a(lib_a-calloc.o)
                              CMakeFiles/FIRFilter.dir/C_/VSARM/sdk/pico/pico-sdk/src/rp2_common/pico_malloc/pico_malloc.c.obj (calloc)
c:/vsarm/armcc/102021~1.10/bin/../lib/gcc/arm-none-eabi/10.3.1/../../../../arm-none-eabi/lib/thumb/v6-m/nofp\libg.a(lib_a-callocr.o)
                              c:/vsarm/armcc/102021~1.10/bin/../lib/gcc/arm-none-eabi/10.3.1/../../../../arm-none-eabi/lib/thumb/v6-m/nofp\libg.a(lib_a-calloc.o) (_calloc_r)
c:/vsarm/armcc/102021~1.10/bin/../lib/gcc/arm-none-eabi/10.3.1/../../../../arm-none-eabi/lib/thumb/v6-m/nofp\libg.a(lib_a-ctype_.o)
                              CMakeFiles/FIRFilter.dir/C_/VSARM/sdk/pico/pico-sdk/lib/tinyusb/src/tusb.c.obj (_ctype_)
c:/vsarm/armcc/102021~1.10/bin/../lib/gcc/arm-none-eabi/10.3.1/../../../../arm-none-eabi/lib/thumb/v6-m/nofp\libg.a(lib_a-errno.o)
                              c:/vsarm/armcc/102021~1.10/bin/../lib/gcc/arm-none-eabi/10.3.1/../../../../arm-none-eabi/lib/thumb/v6-m/nofp\libg.a(lib_a-callocr.o) (__errno)
c:/vsarm/armcc/102021~1.10/bin/../lib/gcc/arm-none-eabi/10.3.1/../../../../arm-none-eabi/lib/thumb/v6-m/nofp\libg.a(lib_a-impure.o)
                              c:/vsarm/armcc/102021~1.10/bin/../lib/gcc/arm-none-eabi/10.3.1/../../../../arm-none-eabi/lib/thumb/v6-m/nofp\libg.a(lib_a-calloc.o) (_impure_ptr)
c:/vsarm/armcc/102021~1.10/bin/../lib/gcc/arm-none-eabi/10.3.1/../../../../arm-none-eabi/lib/thumb/v6-m/nofp\libg.a(lib_a-init.o)
                              c:/vsarm/armcc/102021~1.10/bin/../lib/gcc/arm-none-eabi/10.3.1/../../../../arm-none-eabi/lib/thumb/v6-m/nofp/crt0.o (__libc_init_array)
c:/vsarm/armcc/102021~1.10/bin/../lib/gcc/arm-none-eabi/10.3.1/../../../../arm-none-eabi/lib/thumb/v6-m/nofp\libg.a(lib_a-malloc.o)
                              CMakeFiles/FIRFilter.dir/C_/VSARM/sdk/pico/pico-sdk/src/rp2_common/pico_malloc/pico_malloc.c.obj (malloc)
c:/vsarm/armcc/102021~1.10/bin/../lib/gcc/arm-none-eabi/10.3.1/../../../../arm-none-eabi/lib/thumb/v6-m/nofp\libg.a(lib_a-mallocr.o)
                              c:/vsarm/armcc/102021~1.10/bin/../lib/gcc/arm-none-eabi/10.3.1/../../../../arm-none-eabi/lib/thumb/v6-m/nofp\libg.a(lib_a-callocr.o) (_malloc_r)
c:/vsarm/armcc/102021~1.10/bin/../lib/gcc/arm-none-eabi/10.3.1/../../../../arm-none-eabi/lib/thumb/v6-m/nofp\libg.a(lib_a-mlock.o)
                              c:/vsarm/armcc/102021~1.10/bin/../lib/gcc/arm-none-eabi/10.3.1/../../../../arm-none-eabi/lib/thumb/v6-m/nofp\libg.a(lib_a-mallocr.o) (__malloc_lock)
c:/vsarm/armcc/102021~1.10/bin/../lib/gcc/arm-none-eabi/10.3.1/../../../../arm-none-eabi/lib/thumb/v6-m/nofp\libg.a(lib_a-realloc.o)
                              CMakeFiles/FIRFilter.dir/C_/VSARM/sdk/pico/pico-sdk/src/rp2_common/pico_malloc/pico_malloc.c.obj (realloc)
c:/vsarm/armcc/102021~1.10/bin/../lib/gcc/arm-none-eabi/10.3.1/../../../../arm-none-eabi/lib/thumb/v6-m/nofp\libg.a(lib_a-reallocr.o)
                              c:/vsarm/armcc/102021~1.10/bin/../lib/gcc/arm-none-eabi/10.3.1/../../../../arm-none-eabi/lib/thumb/v6-m/nofp\libg.a(lib_a-realloc.o) (_realloc_r)
c:/vsarm/armcc/102021~1.10/bin/../lib/gcc/arm-none-eabi/10.3.1/../../../../arm-none-eabi/lib/thumb/v6-m/nofp\libg.a(lib_a-sbrkr.o)
                              c:/vsarm/armcc/102021~1.10/bin/../lib/gcc/arm-none-eabi/10.3.1/../../../../arm-none-eabi/lib/thumb/v6-m/nofp\libg.a(lib_a-mallocr.o) (_sbrk_r)
c:/vsarm/armcc/102021~1.10/bin/../lib/gcc/arm-none-eabi/10.3.1/../../../../arm-none-eabi/lib/thumb/v6-m/nofp\libg.a(lib_a-strlen-stub.o)
                              CMakeFiles/FIRFilter.dir/C_/VSARM/sdk/pico/pico-sdk/src/rp2_common/pico_stdio/stdio.c.obj (strlen)
c:/vsarm/armcc/102021~1.10/bin/../lib/gcc/arm-none-eabi/10.3.1/../../../../arm-none-eabi/lib/thumb/v6-m/nofp\libg.a(lib_a-freer.o)
                              c:/vsarm/armcc/102021~1.10/bin/../lib/gcc/arm-none-eabi/10.3.1/../../../../arm-none-eabi/lib/thumb/v6-m/nofp\libg.a(lib_a-malloc.o) (_free_r)
c:/vsarm/armcc/102021~1.10/bin/../lib/gcc/arm-none-eabi/10.3.1/../../../../arm-none-eabi/lib/thumb/v6-m/nofp\libg.a(lib_a-lock.o)
                              c:/vsarm/armcc/102021~1.10/bin/../lib/gcc/arm-none-eabi/10.3.1/../../../../arm-none-eabi/lib/thumb/v6-m/nofp\libg.a(lib_a-mlock.o) (__retarget_lock_acquire_recursive)
c:/vsarm/armcc/102021~1.10/bin/../lib/gcc/arm-none-eabi/10.3.1/../../../../arm-none-eabi/lib/thumb/v6-m/nofp\libg.a(lib_a-memmove.o)
[...]
Memory Configuration

Name             Origin             Length             Attributes
FLASH            0x10000000         0x00200000         xr
RAM              0x20000000         0x00040000         xrw
SCRATCH_X        0x20040000         0x00001000         xrw
SCRATCH_Y        0x20041000         0x00001000         xrw
*default*        0x00000000         0xffffffff

Linker script and memory map

LOAD c:/vsarm/armcc/102021~1.10/bin/../lib/gcc/arm-none-eabi/10.3.1/thumb/v6-m/nofp/crti.o
LOAD c:/vsarm/armcc/102021~1.10/bin/../lib/gcc/arm-none-eabi/10.3.1/thumb/v6-m/nofp/crtbegin.o
LOAD c:/vsarm/armcc/102021~1.10/bin/../lib/gcc/arm-none-eabi/10.3.1/../../../../arm-none-eabi/lib/thumb/v6-m/nofp/crt0.o

.flash_begin    0x10000000        0x0
                0x10000000                __flash_binary_start = .

.boot2          0x10000000      0x100
                0x10000000                __boot2_start__ = .
 *(.boot2)
 .boot2         0x10000000      0x100 C:\Users\APC\AppData\Local\Temp\ccyVnaj7.o
                0x10000100                __boot2_end__ = .
                0x00000001                ASSERT (((__boot2_end__ - __boot2_start__) == 0x100), ERROR: Pico second stage bootloader must be 256 bytes in size)

.text           0x10000100     0x7450
                0x10000100                __logical_binary_start = .
 *(.vectors)
 .vectors       0x10000100       0xd4 CMakeFiles/FIRFilter.dir/C_/VSARM/sdk/pico/pico-sdk/src/rp2_common/pico_standard_link/crt0.S.obj
                0x10000100                __VECTOR_TABLE
                0x10000100                __vectors
                0x100001c0                isr_invalid
                0x100001c0                __default_isrs_start
                0x100001c2                isr_nmi
                0x100001c4                isr_hardfault
                0x100001c6                isr_svcall
                0x100001c8                isr_pendsv
                0x100001ca                isr_systick
                0x100001cc                isr_irq23
                0x100001cc                isr_irq18
                0x100001cc                isr_irq11
                0x100001cc                isr_irq28
                0x100001cc                isr_irq19
                0x100001cc                isr_irq0
                0x100001cc                isr_irq6
                0x100001cc                isr_irq5
                0x100001cc                isr_irq12
                0x100001cc                isr_irq22
                0x100001cc                isr_irq31
                0x100001cc                isr_irq17
                0x100001cc                isr_irq27
                0x100001cc                isr_irq30
                0x100001cc                isr_irq2
                0x100001cc                isr_irq10
                0x100001cc                isr_irq8
                0x100001cc                isr_irq24
                0x100001cc                isr_irq1
                0x100001cc                isr_irq7
                0x100001cc                isr_irq21
                0x100001cc                isr_irq20
                0x100001cc                isr_irq15
                0x100001cc                isr_irq25
                0x100001cc                isr_irq13
                0x100001cc                __unhandled_user_irq
                0x100001cc                isr_irq4
                0x100001cc                isr_irq16
                0x100001cc                isr_irq29
                0x100001cc                isr_irq26
                0x100001cc                __default_isrs_end
                0x100001cc                isr_irq3
                0x100001cc                isr_irq14
                0x100001cc                isr_irq9
                0x100001d2                unhandled_user_irq_num_in_r0
 *(.binary_info_header)
 .binary_info_header
                0x100001d4       0x14 CMakeFiles/FIRFilter.dir/C_/VSARM/sdk/pico/pico-sdk/src/rp2_common/pico_standard_link/crt0.S.obj
                0x100001e8                __binary_info_header_end = .
 *(.reset)
 .reset         0x100001e8       0xa8 CMakeFiles/FIRFilter.dir/C_/VSARM/sdk/pico/pico-sdk/src/rp2_common/pico_standard_link/crt0.S.obj
                0x100001e8                _entry_point
                0x10000266                __get_current_exception
 .reset         0x10000290       0x30 CMakeFiles/FIRFilter.dir/C_/VSARM/sdk/pico/pico-sdk/src/rp2_common/pico_standard_link/binary_info.c.obj
 *(.init)
 .init          0x100002c0        0x4 c:/vsarm/armcc/102021~1.10/bin/../lib/gcc/arm-none-eabi/10.3.1/thumb/v6-m/nofp/crti.o
                0x100002c0                _init
 *(EXCLUDE_FILE(*libm.a: *libc.a:*lib_a-mem*.o *libgcc.a:) .text*)
 .text          0x100002c4       0x48 c:/vsarm/armcc/102021~1.10/bin/../lib/gcc/arm-none-eabi/10.3.1/thumb/v6-m/nofp/crtbegin.o
 .text.FIRFilter_Init
                0x1000030c       0x1e CMakeFiles/FIRFilter.dir/FIRFilter.c.obj
                0x1000030c                FIRFilter_Init
 *fill*         0x1000032a        0x2 
 .text.FIRFilter_Update
                0x1000032c       0x60 CMakeFiles/FIRFilter.dir/FIRFilter.c.obj
                0x1000032c                FIRFilter_Update
 .text.main     0x1000038c       0xd4 CMakeFiles/FIRFilter.dir/FIRFilter.c.obj
                0x1000038c                main
 .text.hw_claim_lock
                0x10000460       0x18 CMakeFiles/FIRFilter.dir/C_/VSARM/sdk/pico/pico-sdk/src/rp2_common/hardware_claim/claim.c.obj
                0x10000460                hw_claim_lock
 .text.hw_claim_unlock
                0x10000478       0x14 CMakeFiles/FIRFilter.dir/C_/VSARM/sdk/pico/pico-sdk/src/rp2_common/hardware_claim/claim.c.obj
                0x10000478                hw_claim_unlock
 .text.hw_claim_or_assert
                0x1000048c       0x32 CMakeFiles/FIRFilter.dir/C_/VSARM/sdk/pico/pico-sdk/src/rp2_common/hardware_claim/claim.c.obj
                0x1000048c                hw_claim_or_assert
 .text.hw_claim_unused_from_range
                0x100004be       0x50 CMakeFiles/FIRFilter.dir/C_/VSARM/sdk/pico/pico-sdk/src/rp2_common/hardware_claim/claim.c.obj
                0x100004be                hw_claim_unused_from_range
 *fill*         0x1000050e        0x2 
 .text.running_on_fpga
                0x10000510       0x14 CMakeFiles/FIRFilter.dir/C_/VSARM/sdk/pico/pico-sdk/src/rp2_common/pico_platform/platform.c.obj
                0x10000510                running_on_fpga
 .text.spin_locks_reset
                0x10000524       0x20 CMakeFiles/FIRFilter.dir/C_/VSARM/sdk/pico/pico-sdk/src/rp2_common/hardware_sync/sync.c.obj
                0x10000524                spin_locks_reset
 .text.next_striped_spin_lock_num
                0x10000544       0x1c CMakeFiles/FIRFilter.dir/C_/VSARM/sdk/pico/pico-sdk/src/rp2_common/hardware_sync/sync.c.obj
                0x10000544                next_striped_spin_lock_num
 .text.spin_lock_claim_unused
                0x10000560       0x20 CMakeFiles/FIRFilter.dir/C_/VSARM/sdk/pico/pico-sdk/src/rp2_common/hardware_sync/sync.c.obj
                0x10000560                spin_lock_claim_unused
 .text.set_raw_irq_handler_and_unlock
                0x10000580       0x28 CMakeFiles/FIRFilter.dir/C_/VSARM/sdk/pico/pico-sdk/src/rp2_common/hardware_irq/irq.c.obj
 .text.make_branch
                0x100005a8       0x48 CMakeFiles/FIRFilter.dir/C_/VSARM/sdk/pico/pico-sdk/src/rp2_common/hardware_irq/irq.c.obj
 .text.insert_branch_and_link
                0x100005f0       0x40 CMakeFiles/FIRFilter.dir/C_/VSARM/sdk/pico/pico-sdk/src/rp2_common/hardware_irq/irq.c.obj
 .text.irq_is_enabled
                0x10000630       0x18 CMakeFiles/FIRFilter.dir/C_/VSARM/sdk/pico/pico-sdk/src/rp2_common/hardware_irq/irq.c.obj
                0x10000630                irq_is_enabled
 .text.irq_set_mask_enabled
                0x10000648       0x20 CMakeFiles/FIRFilter.dir/C_/VSARM/sdk/pico/pico-sdk/src/rp2_common/hardware_irq/irq.c.obj
                0x10000648                irq_set_mask_enabled
 .text.irq_set_enabled
                0x10000668        0xe CMakeFiles/FIRFilter.dir/C_/VSARM/sdk/pico/pico-sdk/src/rp2_common/hardware_irq/irq.c.obj
                0x10000668                irq_set_enabled
 *fill*         0x10000676        0x2 
 .text.irq_set_pending
                0x10000678       0x10 CMakeFiles/FIRFilter.dir/C_/VSARM/sdk/pico/pico-sdk/src/rp2_common/hardware_irq/irq.c.obj
                0x10000678                irq_set_pending
 .text.irq_get_vtable_handler
                0x10000688       0x10 CMakeFiles/FIRFilter.dir/C_/VSARM/sdk/pico/pico-sdk/src/rp2_common/hardware_irq/irq.c.obj
                0x10000688                irq_get_vtable_handler
 .text.irq_has_shared_handler
                0x10000698       0x24 CMakeFiles/FIRFilter.dir/C_/VSARM/sdk/pico/pico-sdk/src/rp2_common/hardware_irq/irq.c.obj
                0x10000698                irq_has_shared_handler
 .text.irq_set_exclusive_handler
                0x100006bc       0x54 CMakeFiles/FIRFilter.dir/C_/VSARM/sdk/pico/pico-sdk/src/rp2_common/hardware_irq/irq.c.obj
                0x100006bc                irq_set_exclusive_handler
 .text.irq_add_shared_handler
                0x10000710      0x230 CMakeFiles/FIRFilter.dir/C_/VSARM/sdk/pico/pico-sdk/src/rp2_common/hardware_irq/irq.c.obj
                0x10000710                irq_add_shared_handler
 .text.irq_remove_handler
                0x10000940      0x1a8 CMakeFiles/FIRFilter.dir/C_/VSARM/sdk/pico/pico-sdk/src/rp2_common/hardware_irq/irq.c.obj
                0x10000940                irq_remove_handler
 .text.irq_add_tail_to_free_list
                0x10000ae8       0xf0 CMakeFiles/FIRFilter.dir/C_/VSARM/sdk/pico/pico-sdk/src/rp2_common/hardware_irq/irq.c.obj
                0x10000ae8                irq_add_tail_to_free_list
 .text.irq_init_priorities
                0x10000bd8       0x1c CMakeFiles/FIRFilter.dir/C_/VSARM/sdk/pico/pico-sdk/src/rp2_common/hardware_irq/irq.c.obj
                0x10000bd8                irq_init_priorities
 .text.user_irq_claim_unused
                0x10000bf4       0x30 CMakeFiles/FIRFilter.dir/C_/VSARM/sdk/pico/pico-sdk/src/rp2_common/hardware_irq/irq.c.obj
                0x10000bf4                user_irq_claim_unused
 .text.lock_init
                0x10000c24       0x10 CMakeFiles/FIRFilter.dir/C_/VSARM/sdk/pico/pico-sdk/src/common/pico_sync/lock_core.c.obj
                0x10000c24                lock_init
 .text.alarm_pool_post_alloc_init
                0x10000c34       0x40 CMakeFiles/FIRFilter.dir/C_/VSARM/sdk/pico/pico-sdk/src/common/pico_time/time.c.obj
 .text.sleep_until_callback
                0x10000c74       0x30 CMakeFiles/FIRFilter.dir/C_/VSARM/sdk/pico/pico-sdk/src/common/pico_time/time.c.obj
 .text.timer_pool_entry_comparator
                0x10000ca4       0x7c CMakeFiles/FIRFilter.dir/C_/VSARM/sdk/pico/pico-sdk/src/common/pico_time/time.c.obj
                0x10000ca4                timer_pool_entry_comparator
 .text.ph_add_child_node
                0x10000d20       0xa4 CMakeFiles/FIRFilter.dir/C_/VSARM/sdk/pico/pico-sdk/src/common/pico_time/time.c.obj
 .text.ph_merge_nodes
                0x10000dc4       0x3e CMakeFiles/FIRFilter.dir/C_/VSARM/sdk/pico/pico-sdk/src/common/pico_time/time.c.obj
 *fill*         0x10000e02        0x2 
 .text.add_alarm_under_lock
                0x10000e04      0x174 CMakeFiles/FIRFilter.dir/C_/VSARM/sdk/pico/pico-sdk/src/common/pico_time/time.c.obj
 .text.alarm_pool_alarm_callback
                0x10000f78      0x328 CMakeFiles/FIRFilter.dir/C_/VSARM/sdk/pico/pico-sdk/src/common/pico_time/time.c.obj
 .text.alarm_pool_init_default
                0x100012a0       0x38 CMakeFiles/FIRFilter.dir/C_/VSARM/sdk/pico/pico-sdk/src/common/pico_time/time.c.obj
                0x100012a0                alarm_pool_init_default
 .text.alarm_pool_get_default
                0x100012d8       0x2c CMakeFiles/FIRFilter.dir/C_/VSARM/sdk/pico/pico-sdk/src/common/pico_time/time.c.obj
                0x100012d8                alarm_pool_get_default
 .text.alarm_pool_add_alarm_at
                0x10001304      0x170 CMakeFiles/FIRFilter.dir/C_/VSARM/sdk/pico/pico-sdk/src/common/pico_time/time.c.obj
                0x10001304                alarm_pool_add_alarm_at
 .text.alarm_pool_cancel_alarm
                0x10001474       0xf0 CMakeFiles/FIRFilter.dir/C_/VSARM/sdk/pico/pico-sdk/src/common/pico_time/time.c.obj
                0x10001474                alarm_pool_cancel_alarm
 .text.sleep_until
                0x10001564       0xfc CMakeFiles/FIRFilter.dir/C_/VSARM/sdk/pico/pico-sdk/src/common/pico_time/time.c.obj
                0x10001564                sleep_until
 .text.sleep_us
                0x10001660       0x58 CMakeFiles/FIRFilter.dir/C_/VSARM/sdk/pico/pico-sdk/src/common/pico_time/time.c.obj
                0x10001660                sleep_us
 .text.sleep_ms
                0x100016b8       0x14 CMakeFiles/FIRFilter.dir/C_/VSARM/sdk/pico/pico-sdk/src/common/pico_time/time.c.obj
                0x100016b8                sleep_ms
 .text.best_effort_wfe_or_timeout
                0x100016cc       0x80 CMakeFiles/FIRFilter.dir/C_/VSARM/sdk/pico/pico-sdk/src/common/pico_time/time.c.obj
                0x100016cc                best_effort_wfe_or_timeout
 .text.hardware_alarm_irq_handler
                0x1000174c       0x8c CMakeFiles/FIRFilter.dir/C_/VSARM/sdk/pico/pico-sdk/src/rp2_common/hardware_timer/timer.c.obj
 .text.hardware_alarm_claim
                0x100017d8       0x18 CMakeFiles/FIRFilter.dir/C_/VSARM/sdk/pico/pico-sdk/src/rp2_common/hardware_timer/timer.c.obj
                0x100017d8                hardware_alarm_claim
 .text.time_us_64
                0x100017f0       0x18 CMakeFiles/FIRFilter.dir/C_/VSARM/sdk/pico/pico-sdk/src/rp2_common/hardware_timer/timer.c.obj
                0x100017f0                time_us_64
 .text.busy_wait_until
                0x10001808       0x28 CMakeFiles/FIRFilter.dir/C_/VSARM/sdk/pico/pico-sdk/src/rp2_common/hardware_timer/timer.c.obj
                0x10001808                busy_wait_until
 .text.hardware_alarm_set_callback
                0x10001830       0x90 CMakeFiles/FIRFilter.dir/C_/VSARM/sdk/pico/pico-sdk/src/rp2_common/hardware_timer/timer.c.obj
                0x10001830                hardware_alarm_set_callback
 .text.hardware_alarm_set_target
                0x100018c0       0xe8 CMakeFiles/FIRFilter.dir/C_/VSARM/sdk/pico/pico-sdk/src/rp2_common/hardware_timer/timer.c.obj
                0x100018c0                hardware_alarm_set_target
 .text.hardware_alarm_cancel
                0x100019a8       0x40 CMakeFiles/FIRFilter.dir/C_/VSARM/sdk/pico/pico-sdk/src/rp2_common/hardware_timer/timer.c.obj
                0x100019a8                hardware_alarm_cancel
 .text.ph_add_child_node
                0x100019e8       0xa4 CMakeFiles/FIRFilter.dir/C_/VSARM/sdk/pico/pico-sdk/src/common/pico_util/pheap.c.obj
 .text.ph_merge_nodes
                0x10001a8c       0x3e CMakeFiles/FIRFilter.dir/C_/VSARM/sdk/pico/pico-sdk/src/common/pico_util/pheap.c.obj
 *fill*         0x10001aca        0x2 
 .text.ph_clear
                0x10001acc       0x70 CMakeFiles/FIRFilter.dir/C_/VSARM/sdk/pico/pico-sdk/src/common/pico_util/pheap.c.obj
                0x10001acc                ph_clear
 .text.ph_post_alloc_init
                0x10001b3c        0xe CMakeFiles/FIRFilter.dir/C_/VSARM/sdk/pico/pico-sdk/src/common/pico_util/pheap.c.obj
                0x10001b3c                ph_post_alloc_init
 *fill*         0x10001b4a        0x2 
 .text.ph_merge_two_pass
                0x10001b4c       0xa8 CMakeFiles/FIRFilter.dir/C_/VSARM/sdk/pico/pico-sdk/src/common/pico_util/pheap.c.obj
                0x10001b4c                ph_merge_two_pass
 .text.ph_remove_any_head
                0x10001bf4      0x108 CMakeFiles/FIRFilter.dir/C_/VSARM/sdk/pico/pico-sdk/src/common/pico_util/pheap.c.obj
 .text.ph_remove_head
                0x10001cfc       0x14 CMakeFiles/FIRFilter.dir/C_/VSARM/sdk/pico/pico-sdk/src/common/pico_util/pheap.c.obj
                0x10001cfc                ph_remove_head
 .text.ph_remove_and_free_node
                0x10001d10       0xf8 CMakeFiles/FIRFilter.dir/C_/VSARM/sdk/pico/pico-sdk/src/common/pico_util/pheap.c.obj
                0x10001d10                ph_remove_and_free_node
 .text.mutex_init
                0x10001e08       0x1a CMakeFiles/FIRFilter.dir/C_/VSARM/sdk/pico/pico-sdk/src/common/pico_sync/mutex.c.obj
                0x10001e08                mutex_init
 .text.recursive_mutex_init
                0x10001e22       0x1e CMakeFiles/FIRFilter.dir/C_/VSARM/sdk/pico/pico-sdk/src/common/pico_sync/mutex.c.obj
                0x10001e22                recursive_mutex_init
 .text.critical_section_init_with_lock_num
                0x10001e40       0x14 CMakeFiles/FIRFilter.dir/C_/VSARM/sdk/pico/pico-sdk/src/common/pico_sync/critical_section.c.obj
                0x10001e40                critical_section_init_with_lock_num
 .text.critical_section_init
                0x10001e54       0x14 CMakeFiles/FIRFilter.dir/C_/VSARM/sdk/pico/pico-sdk/src/common/pico_sync/critical_section.c.obj
                0x10001e54                critical_section_init
 .text._exit    0x10001e68        0x4 CMakeFiles/FIRFilter.dir/C_/VSARM/sdk/pico/pico-sdk/src/rp2_common/pico_runtime/runtime.c.obj
                0x10001e68                _exit
 .text.exit     0x10001e6c        0x6 CMakeFiles/FIRFilter.dir/C_/VSARM/sdk/pico/pico-sdk/src/rp2_common/pico_runtime/runtime.c.obj
                0x10001e6c                exit
 *fill*         0x10001e72        0x2 
 .text.__assert_func
                0x10001e74       0x3c CMakeFiles/FIRFilter.dir/C_/VSARM/sdk/pico/pico-sdk/src/rp2_common/pico_runtime/runtime.c.obj
                0x10001e74                __assert_func
 .text.runtime_init
                0x10001eb0       0xf8 CMakeFiles/FIRFilter.dir/C_/VSARM/sdk/pico/pico-sdk/src/rp2_common/pico_runtime/runtime.c.obj
                0x10001eb0                runtime_init
 .text.panic    0x10001fa8       0x30 CMakeFiles/FIRFilter.dir/C_/VSARM/sdk/pico/pico-sdk/src/rp2_common/pico_runtime/runtime.c.obj
                0x10001fa8                panic
 .text.clock_configure
                0x10001fd8      0x104 CMakeFiles/FIRFilter.dir/C_/VSARM/sdk/pico/pico-sdk/src/rp2_common/hardware_clocks/clocks.c.obj
                0x10001fd8                clock_configure
 .text.clocks_init
                0x100020dc      0x100 CMakeFiles/FIRFilter.dir/C_/VSARM/sdk/pico/pico-sdk/src/rp2_common/hardware_clocks/clocks.c.obj
                0x100020dc                clocks_init
 .text.pll_init
                0x100021dc      0x140 CMakeFiles/FIRFilter.dir/C_/VSARM/sdk/pico/pico-sdk/src/rp2_common/hardware_pll/pll.c.obj
                0x100021dc                pll_init
 .text.watchdog_start_tick
                0x1000231c       0x10 CMakeFiles/FIRFilter.dir/C_/VSARM/sdk/pico/pico-sdk/src/rp2_common/hardware_watchdog/watchdog.c.obj
                0x1000231c                watchdog_start_tick
 .text.watchdog_update
                0x1000232c       0x14 CMakeFiles/FIRFilter.dir/C_/VSARM/sdk/pico/pico-sdk/src/rp2_common/hardware_watchdog/watchdog.c.obj
                0x1000232c                watchdog_update
 .text._watchdog_enable
                0x10002340       0x78 CMakeFiles/FIRFilter.dir/C_/VSARM/sdk/pico/pico-sdk/src/rp2_common/hardware_watchdog/watchdog.c.obj
                0x10002340                _watchdog_enable
 .text.watchdog_reboot
                0x100023b8       0x48 CMakeFiles/FIRFilter.dir/C_/VSARM/sdk/pico/pico-sdk/src/rp2_common/hardware_watchdog/watchdog.c.obj
                0x100023b8                watchdog_reboot
 .text.xosc_init
                0x10002400       0x28 CMakeFiles/FIRFilter.dir/C_/VSARM/sdk/pico/pico-sdk/src/rp2_common/hardware_xosc/xosc.c.obj
                0x10002400                xosc_init
 .text._out_null
                0x10002428        0x2 CMakeFiles/FIRFilter.dir/C_/VSARM/sdk/pico/pico-sdk/src/rp2_common/pico_printf/printf.c.obj
 .text._out_fct
                0x1000242a        0xe CMakeFiles/FIRFilter.dir/C_/VSARM/sdk/pico/pico-sdk/src/rp2_common/pico_printf/printf.c.obj
 .text._atoi    0x10002438       0x24 CMakeFiles/FIRFilter.dir/C_/VSARM/sdk/pico/pico-sdk/src/rp2_common/pico_printf/printf.c.obj
 .text._out_rev
                0x1000245c       0xae CMakeFiles/FIRFilter.dir/C_/VSARM/sdk/pico/pico-sdk/src/rp2_common/pico_printf/printf.c.obj
 .text._ntoa_format
                0x1000250a      0x112 CMakeFiles/FIRFilter.dir/C_/VSARM/sdk/pico/pico-sdk/src/rp2_common/pico_printf/printf.c.obj
 .text._ntoa_long
                0x1000261c       0xbc CMakeFiles/FIRFilter.dir/C_/VSARM/sdk/pico/pico-sdk/src/rp2_common/pico_printf/printf.c.obj
 .text._ntoa_long_long
                0x100026d8       0xe2 CMakeFiles/FIRFilter.dir/C_/VSARM/sdk/pico/pico-sdk/src/rp2_common/pico_printf/printf.c.obj
 *fill*         0x100027ba        0x2 
 .text._etoa    0x100027bc      0x414 CMakeFiles/FIRFilter.dir/C_/VSARM/sdk/pico/pico-sdk/src/rp2_common/pico_printf/printf.c.obj
 .text._ftoa    0x10002bd0      0x354 CMakeFiles/FIRFilter.dir/C_/VSARM/sdk/pico/pico-sdk/src/rp2_common/pico_printf/printf.c.obj
 .text._vsnprintf
                0x10002f24      0x624 CMakeFiles/FIRFilter.dir/C_/VSARM/sdk/pico/pico-sdk/src/rp2_common/pico_printf/printf.c.obj
 .text.vfctprintf
                0x10003548       0x20 CMakeFiles/FIRFilter.dir/C_/VSARM/sdk/pico/pico-sdk/src/rp2_common/pico_printf/printf.c.obj
                0x10003548                vfctprintf
 .text          0x10003568       0x10 CMakeFiles/FIRFilter.dir/C_/VSARM/sdk/pico/pico-sdk/src/rp2_common/pico_bit_ops/bit_ops_aeabi.S.obj
 .text.rom_func_lookup
                0x10003578       0x10 CMakeFiles/FIRFilter.dir/C_/VSARM/sdk/pico/pico-sdk/src/rp2_common/pico_bootrom/bootrom.c.obj
                0x10003578                rom_func_lookup
 .text.rom_data_lookup
                0x10003588       0x10 CMakeFiles/FIRFilter.dir/C_/VSARM/sdk/pico/pico-sdk/src/rp2_common/pico_bootrom/bootrom.c.obj
                0x10003588                rom_data_lookup
 .text.rom_funcs_lookup
                0x10003598       0x36 CMakeFiles/FIRFilter.dir/C_/VSARM/sdk/pico/pico-sdk/src/rp2_common/pico_bootrom/bootrom.c.obj
                0x10003598                rom_funcs_lookup
 *fill*         0x100035ce        0x2 
 .text.__wrap___aeabi_idiv
                0x100035d0       0x50 CMakeFiles/FIRFilter.dir/C_/VSARM/sdk/pico/pico-sdk/src/rp2_common/pico_divider/divider.S.obj
                0x100035d0                __wrap___aeabi_idivmod
                0x100035d0                divmod_s32s32
                0x100035d0                div_s32s32
                0x100035d0                __wrap___aeabi_idiv
                0x100035d8                divmod_s32s32_unsafe
                0x10003604                divmod_s32s32_savestate
 .text.__wrap___aeabi_uidiv
                0x10003620       0x4c CMakeFiles/FIRFilter.dir/C_/VSARM/sdk/pico/pico-sdk/src/rp2_common/pico_divider/divider.S.obj
                0x10003620                __wrap___aeabi_uidiv
                0x10003620                __wrap___aeabi_uidivmod
                0x10003620                div_u32u32
                0x10003620                divmod_u32u32
                0x10003628                divmod_u32u32_unsafe
                0x10003650                divmod_u32u32_savestate
 .text.__wrap___aeabi_ldiv
                0x1000366c      0x434 CMakeFiles/FIRFilter.dir/C_/VSARM/sdk/pico/pico-sdk/src/rp2_common/pico_divider/divider.S.obj
                0x1000366c                div_s64s64
                0x1000366c                divmod_s64s64
                0x1000366c                __wrap___aeabi_ldivmod
                0x100036a4                divmod_u64u64
                0x100036a4                div_u64u64
                0x100036a4                __wrap___aeabi_uldivmod
                0x100036b4                divmod_u64u64_savestate
                0x100036dc                divmod_s64s64_unsafe
                0x10003764                divmod_u64u64_unsafe
 .text.__wrap___aeabi_darithmetic
                0x10003aa0       0x80 CMakeFiles/FIRFilter.dir/C_/VSARM/sdk/pico/pico-sdk/src/rp2_common/pico_double/double_aeabi.S.obj
                0x10003aa0                __wrap___aeabi_drsub
                0x10003aa6                __wrap___aeabi_dsub
                0x10003ab8                __wrap___aeabi_dadd
                0x10003aca                __wrap___aeabi_ddiv
                0x10003b06                __wrap___aeabi_dmul
 .text.__wrap___aeabi_cdcmple
                0x10003b20       0x6c CMakeFiles/FIRFilter.dir/C_/VSARM/sdk/pico/pico-sdk/src/rp2_common/pico_double/double_aeabi.S.obj
                0x10003b20                __wrap___aeabi_cdrcmple
                0x10003b30                __wrap___aeabi_cdcmpeq
                0x10003b30                __wrap___aeabi_cdcmple
 .text.__wrap___aeabi_dcmplt
                0x10003b8c        0xc CMakeFiles/FIRFilter.dir/C_/VSARM/sdk/pico/pico-sdk/src/rp2_common/pico_double/double_aeabi.S.obj
                0x10003b8c                __wrap___aeabi_dcmplt
 .text.__wrap___aeabi_dcmple
                0x10003b98       0x10 CMakeFiles/FIRFilter.dir/C_/VSARM/sdk/pico/pico-sdk/src/rp2_common/pico_double/double_aeabi.S.obj
                0x10003b98                __wrap___aeabi_dcmple
 .text.__wrap___aeabi_dcmpge
                0x10003ba8       0x10 CMakeFiles/FIRFilter.dir/C_/VSARM/sdk/pico/pico-sdk/src/rp2_common/pico_double/double_aeabi.S.obj
                0x10003ba8                __wrap___aeabi_dcmpge
 .text.__wrap___aeabi_dcmpgt
                0x10003bb8        0xa CMakeFiles/FIRFilter.dir/C_/VSARM/sdk/pico/pico-sdk/src/rp2_common/pico_double/double_aeabi.S.obj
                0x10003bb8                __wrap___aeabi_dcmpgt
 .text.__wrap___aeabi_dcmpun
                0x10003bc2       0x1c CMakeFiles/FIRFilter.dir/C_/VSARM/sdk/pico/pico-sdk/src/rp2_common/pico_double/double_aeabi.S.obj
                0x10003bc2                __wrap___aeabi_dcmpun
 *fill*         0x10003bde        0x2 
 .text.__wrap___aeabi_i2d
                0x10003be0       0x38 CMakeFiles/FIRFilter.dir/C_/VSARM/sdk/pico/pico-sdk/src/rp2_common/pico_double/double_aeabi.S.obj
                0x10003be0                __wrap___aeabi_ui2d
                0x10003be8                __wrap___aeabi_i2d
 .text.__wrap___aeabi_d2iz
                0x10003c18       0x48 CMakeFiles/FIRFilter.dir/C_/VSARM/sdk/pico/pico-sdk/src/rp2_common/pico_double/double_aeabi.S.obj
                0x10003c18                double2int_z
                0x10003c18                __wrap___aeabi_d2iz
 .text.__wrap___aeabi_d2uiz
                0x10003c60       0x18 CMakeFiles/FIRFilter.dir/C_/VSARM/sdk/pico/pico-sdk/src/rp2_common/pico_double/double_aeabi.S.obj
                0x10003c60                __wrap___aeabi_d2uiz
                0x10003c60                double2uint
 .text.__wrap___aeabi_d2f
                0x10003c78       0x18 CMakeFiles/FIRFilter.dir/C_/VSARM/sdk/pico/pico-sdk/src/rp2_common/pico_double/double_aeabi.S.obj
                0x10003c78                __wrap___aeabi_d2f
 .text.__aeabi_double_init
                0x10003c90       0xc8 CMakeFiles/FIRFilter.dir/C_/VSARM/sdk/pico/pico-sdk/src/rp2_common/pico_double/double_init_rom.c.obj
                0x10003c90                __aeabi_double_init
 .text.double_table_shim_on_use_helper
                0x10003d58       0x34 CMakeFiles/FIRFilter.dir/C_/VSARM/sdk/pico/pico-sdk/src/rp2_common/pico_double/double_v1_rom_shim.S.obj
                0x10003d58                double_table_shim_on_use_helper
 .text.__wrap___aeabi_dsub
                0x10003d8c       0x10 CMakeFiles/FIRFilter.dir/C_/VSARM/sdk/pico/pico-sdk/src/rp2_common/pico_double/double_v1_rom_shim.S.obj
                0x10003d8c                drsub_shim
                0x10003d92                dsub_shim
 .text.dadd_shim
                0x10003d9c      0x15c CMakeFiles/FIRFilter.dir/C_/VSARM/sdk/pico/pico-sdk/src/rp2_common/pico_double/double_v1_rom_shim.S.obj
                0x10003d9c                dadd_shim
 .text.dmul_shim
                0x10003ef8      0x15c CMakeFiles/FIRFilter.dir/C_/VSARM/sdk/pico/pico-sdk/src/rp2_common/pico_double/double_v1_rom_shim.S.obj
                0x10003ef8                dmul_shim
 .text.ddiv_shim
                0x10004054      0x1b0 CMakeFiles/FIRFilter.dir/C_/VSARM/sdk/pico/pico-sdk/src/rp2_common/pico_double/double_v1_rom_shim.S.obj
                0x10004054                ddiv_shim
 .text.double2uint_shim
                0x10004204        0xe CMakeFiles/FIRFilter.dir/C_/VSARM/sdk/pico/pico-sdk/src/rp2_common/pico_double/double_v1_rom_shim.S.obj
                0x10004204                double2uint_shim
                0x10004206                double2ufix_shim
 *fill*         0x10004212        0x2 
 .text.double2uint64_shim
                0x10004214       0x70 CMakeFiles/FIRFilter.dir/C_/VSARM/sdk/pico/pico-sdk/src/rp2_common/pico_double/double_v1_rom_shim.S.obj
                0x10004214                double2uint64_shim
                0x10004216                double2ufix64_shim
                0x10004236                d2fix_a
 .text.double2float_shim
                0x10004284       0x5c CMakeFiles/FIRFilter.dir/C_/VSARM/sdk/pico/pico-sdk/src/rp2_common/pico_double/double_v1_rom_shim.S.obj
                0x10004284                double2float_shim
 .text.dunpacks
                0x100042e0       0x3c CMakeFiles/FIRFilter.dir/C_/VSARM/sdk/pico/pico-sdk/src/rp2_common/pico_double/double_v1_rom_shim.S.obj
                0x100042e0                dunpacks
 .text.__aeabi_lmul
                0x1000431c       0x32 CMakeFiles/FIRFilter.dir/C_/VSARM/sdk/pico/pico-sdk/src/rp2_common/pico_int64_ops/pico_int64_ops_aeabi.S.obj
                0x1000431c                __wrap___aeabi_lmul
 *fill*         0x1000434e        0x2 
 .text.__wrap___aeabi_farithmetic
                0x10004350       0x58 CMakeFiles/FIRFilter.dir/C_/VSARM/sdk/pico/pico-sdk/src/rp2_common/pico_float/float_aeabi.S.obj
                0x10004350                __wrap___aeabi_frsub
                0x10004356                __wrap___aeabi_fsub
                0x10004360                __wrap___aeabi_fadd
                0x1000436a                __wrap___aeabi_fdiv
                0x10004396                __wrap___aeabi_fmul
 .text.__wrap___aeabi_i2f
                0x100043a8       0x44 CMakeFiles/FIRFilter.dir/C_/VSARM/sdk/pico/pico-sdk/src/rp2_common/pico_float/float_aeabi.S.obj
                0x100043a8                __wrap___aeabi_i2f
 .text.__wrap___aeabi_f2d
                0x100043ec       0x14 CMakeFiles/FIRFilter.dir/C_/VSARM/sdk/pico/pico-sdk/src/rp2_common/pico_float/float_aeabi.S.obj
                0x100043ec                __wrap___aeabi_f2d
 .text.__aeabi_float_init
                0x10004400       0xfc CMakeFiles/FIRFilter.dir/C_/VSARM/sdk/pico/pico-sdk/src/rp2_common/pico_float/float_init_rom.c.obj
                0x10004400                __aeabi_float_init
 .text.float_table_shim_on_use_helper
                0x100044fc       0x34 CMakeFiles/FIRFilter.dir/C_/VSARM/sdk/pico/pico-sdk/src/rp2_common/pico_float/float_v1_rom_shim.S.obj
                0x100044fc                float_table_shim_on_use_helper
 .text.float2double_shim
                0x10004530       0x30 CMakeFiles/FIRFilter.dir/C_/VSARM/sdk/pico/pico-sdk/src/rp2_common/pico_float/float_v1_rom_shim.S.obj
                0x10004530                float2double_shim
 .text          0x10004560       0x10 CMakeFiles/FIRFilter.dir/C_/VSARM/sdk/pico/pico-sdk/src/rp2_common/pico_mem_ops/mem_ops_aeabi.S.obj
                0x10004560                __aeabi_mem_init
 .text.memset   0x10004570        0xc CMakeFiles/FIRFilter.dir/C_/VSARM/sdk/pico/pico-sdk/src/rp2_common/pico_mem_ops/mem_ops_aeabi.S.obj
                0x10004570                __wrap_memset
 .text.memcpy   0x1000457c        0xc CMakeFiles/FIRFilter.dir/C_/VSARM/sdk/pico/pico-sdk/src/rp2_common/pico_mem_ops/mem_ops_aeabi.S.obj
                0x1000457c                __wrap_memcpy
                0x1000457c                __wrap___aeabi_memcpy
 .text.stdio_out_chars_no_crlf
                0x10004588        0xe CMakeFiles/FIRFilter.dir/C_/VSARM/sdk/pico/pico-sdk/src/rp2_common/pico_stdio/stdio.c.obj
 *fill*         0x10004596        0x2 
 .text.stdio_out_chars_crlf
                0x10004598       0x80 CMakeFiles/FIRFilter.dir/C_/VSARM/sdk/pico/pico-sdk/src/rp2_common/pico_stdio/stdio.c.obj
 .text.stdio_stack_buffer_flush
                0x10004618       0x44 CMakeFiles/FIRFilter.dir/C_/VSARM/sdk/pico/pico-sdk/src/rp2_common/pico_stdio/stdio.c.obj
 .text.stdio_buffered_printer
                0x1000465c       0x20 CMakeFiles/FIRFilter.dir/C_/VSARM/sdk/pico/pico-sdk/src/rp2_common/pico_stdio/stdio.c.obj
 .text.stdout_serialize_begin
                0x1000467c       0x30 CMakeFiles/FIRFilter.dir/C_/VSARM/sdk/pico/pico-sdk/src/rp2_common/pico_stdio/stdio.c.obj
                0x1000467c                stdout_serialize_begin
 .text.stdout_serialize_end
                0x100046ac       0x10 CMakeFiles/FIRFilter.dir/C_/VSARM/sdk/pico/pico-sdk/src/rp2_common/pico_stdio/stdio.c.obj
                0x100046ac                stdout_serialize_end
 .text.stdio_put_string
                0x100046bc       0x98 CMakeFiles/FIRFilter.dir/C_/VSARM/sdk/pico/pico-sdk/src/rp2_common/pico_stdio/stdio.c.obj
 .text.stdio_set_driver_enabled
                0x10004754       0x2c CMakeFiles/FIRFilter.dir/C_/VSARM/sdk/pico/pico-sdk/src/rp2_common/pico_stdio/stdio.c.obj
                0x10004754                stdio_set_driver_enabled
 .text.stdio_flush
                0x10004780       0x20 CMakeFiles/FIRFilter.dir/C_/VSARM/sdk/pico/pico-sdk/src/rp2_common/pico_stdio/stdio.c.obj
                0x10004780                stdio_flush
 .text.__wrap_puts
                0x100047a0       0x1e CMakeFiles/FIRFilter.dir/C_/VSARM/sdk/pico/pico-sdk/src/rp2_common/pico_stdio/stdio.c.obj
                0x100047a0                __wrap_puts
 *fill*         0x100047be        0x2 
 .text.__wrap_vprintf
                0x100047c0       0x44 CMakeFiles/FIRFilter.dir/C_/VSARM/sdk/pico/pico-sdk/src/rp2_common/pico_stdio/stdio.c.obj
                0x100047c0                __wrap_vprintf
 .text.__wrap_printf
                0x10004804       0x18 CMakeFiles/FIRFilter.dir/C_/VSARM/sdk/pico/pico-sdk/src/rp2_common/pico_stdio/stdio.c.obj
                0x10004804                __wrap_printf
 .text.stdio_init_all
                0x1000481c        0x8 CMakeFiles/FIRFilter.dir/C_/VSARM/sdk/pico/pico-sdk/src/rp2_common/pico_stdio/stdio.c.obj
                0x1000481c                stdio_init_all
 .text.resetd_init
                0x10004824        0x2 CMakeFiles/FIRFilter.dir/C_/VSARM/sdk/pico/pico-sdk/src/rp2_common/pico_stdio_usb/reset_interface.c.obj
 *fill*         0x10004826        0x2 
 .text.resetd_reset
                0x10004828        0xc CMakeFiles/FIRFilter.dir/C_/VSARM/sdk/pico/pico-sdk/src/rp2_common/pico_stdio_usb/reset_interface.c.obj
 .text.resetd_open
                0x10004834       0x34 CMakeFiles/FIRFilter.dir/C_/VSARM/sdk/pico/pico-sdk/src/rp2_common/pico_stdio_usb/reset_interface.c.obj
 .text.resetd_xfer_cb
                0x10004868        0x4 CMakeFiles/FIRFilter.dir/C_/VSARM/sdk/pico/pico-sdk/src/rp2_common/pico_stdio_usb/reset_interface.c.obj
 .text.reset_usb_boot
                0x1000486c       0x18 CMakeFiles/FIRFilter.dir/C_/VSARM/sdk/pico/pico-sdk/src/rp2_common/pico_stdio_usb/reset_interface.c.obj
 .text.resetd_control_xfer_cb
                0x10004884       0x5c CMakeFiles/FIRFilter.dir/C_/VSARM/sdk/pico/pico-sdk/src/rp2_common/pico_stdio_usb/reset_interface.c.obj
 .text.usbd_app_driver_get_cb
                0x100048e0        0xc CMakeFiles/FIRFilter.dir/C_/VSARM/sdk/pico/pico-sdk/src/rp2_common/pico_stdio_usb/reset_interface.c.obj
                0x100048e0                usbd_app_driver_get_cb
 .text.tud_cdc_line_coding_cb
                0x100048ec       0x28 CMakeFiles/FIRFilter.dir/C_/VSARM/sdk/pico/pico-sdk/src/rp2_common/pico_stdio_usb/reset_interface.c.obj
                0x100048ec                tud_cdc_line_coding_cb
 .text.stdio_usb_in_chars
                0x10004914       0x70 CMakeFiles/FIRFilter.dir/C_/VSARM/sdk/pico/pico-sdk/src/rp2_common/pico_stdio_usb/stdio_usb.c.obj
                0x10004914                stdio_usb_in_chars
 .text.low_priority_worker_irq
                0x10004984       0x20 CMakeFiles/FIRFilter.dir/C_/VSARM/sdk/pico/pico-sdk/src/rp2_common/pico_stdio_usb/stdio_usb.c.obj
 .text.stdio_usb_out_chars
                0x100049a4       0xd4 CMakeFiles/FIRFilter.dir/C_/VSARM/sdk/pico/pico-sdk/src/rp2_common/pico_stdio_usb/stdio_usb.c.obj
 .text.timer_task
                0x10004a78       0x40 CMakeFiles/FIRFilter.dir/C_/VSARM/sdk/pico/pico-sdk/src/rp2_common/pico_stdio_usb/stdio_usb.c.obj
 .text.usb_irq  0x10004ab8       0x10 CMakeFiles/FIRFilter.dir/C_/VSARM/sdk/pico/pico-sdk/src/rp2_common/pico_stdio_usb/stdio_usb.c.obj
 .text.stdio_usb_init
                0x10004ac8       0xec CMakeFiles/FIRFilter.dir/C_/VSARM/sdk/pico/pico-sdk/src/rp2_common/pico_stdio_usb/stdio_usb.c.obj
                0x10004ac8                stdio_usb_init
 .text.tud_descriptor_device_cb
                0x10004bb4        0x8 CMakeFiles/FIRFilter.dir/C_/VSARM/sdk/pico/pico-sdk/src/rp2_common/pico_stdio_usb/stdio_usb_descriptors.c.obj
                0x10004bb4                tud_descriptor_device_cb
 .text.tud_descriptor_configuration_cb
                0x10004bbc        0x8 CMakeFiles/FIRFilter.dir/C_/VSARM/sdk/pico/pico-sdk/src/rp2_common/pico_stdio_usb/stdio_usb_descriptors.c.obj
                0x10004bbc                tud_descriptor_configuration_cb
 .text.tud_descriptor_string_cb
                0x10004bc4       0x6c CMakeFiles/FIRFilter.dir/C_/VSARM/sdk/pico/pico-sdk/src/rp2_common/pico_stdio_usb/stdio_usb_descriptors.c.obj
                0x10004bc4                tud_descriptor_string_cb
 .text.hw_endpoint_get_by_addr
                0x10004c30       0x18 CMakeFiles/FIRFilter.dir/C_/VSARM/sdk/pico/pico-sdk/lib/tinyusb/src/portable/raspberrypi/rp2040/dcd_rp2040.c.obj
 .text.reset_ep0_pid
                0x10004c48       0x28 CMakeFiles/FIRFilter.dir/C_/VSARM/sdk/pico/pico-sdk/lib/tinyusb/src/portable/raspberrypi/rp2040/dcd_rp2040.c.obj
 .text._hw_endpoint_alloc
                0x10004c70       0x70 CMakeFiles/FIRFilter.dir/C_/VSARM/sdk/pico/pico-sdk/lib/tinyusb/src/portable/raspberrypi/rp2040/dcd_rp2040.c.obj
 .text.hw_endpoint_init
                0x10004ce0       0x88 CMakeFiles/FIRFilter.dir/C_/VSARM/sdk/pico/pico-sdk/lib/tinyusb/src/portable/raspberrypi/rp2040/dcd_rp2040.c.obj
 .text.reset_non_control_endpoints
                0x10004d68       0x40 CMakeFiles/FIRFilter.dir/C_/VSARM/sdk/pico/pico-sdk/lib/tinyusb/src/portable/raspberrypi/rp2040/dcd_rp2040.c.obj
 .text.hw_handle_buff_status
                0x10004da8       0x8c CMakeFiles/FIRFilter.dir/C_/VSARM/sdk/pico/pico-sdk/lib/tinyusb/src/portable/raspberrypi/rp2040/dcd_rp2040.c.obj
 .text.dcd_rp2040_irq
                0x10004e34       0xc0 CMakeFiles/FIRFilter.dir/C_/VSARM/sdk/pico/pico-sdk/lib/tinyusb/src/portable/raspberrypi/rp2040/dcd_rp2040.c.obj
 .text.hw_endpoint_xfer
                0x10004ef4       0x14 CMakeFiles/FIRFilter.dir/C_/VSARM/sdk/pico/pico-sdk/lib/tinyusb/src/portable/raspberrypi/rp2040/dcd_rp2040.c.obj
 .text.dcd_int_enable
                0x10004f08       0x2c CMakeFiles/FIRFilter.dir/C_/VSARM/sdk/pico/pico-sdk/lib/tinyusb/src/portable/raspberrypi/rp2040/dcd_rp2040.c.obj
                0x10004f08                dcd_int_enable
 .text.dcd_set_address
                0x10004f34       0x2c CMakeFiles/FIRFilter.dir/C_/VSARM/sdk/pico/pico-sdk/lib/tinyusb/src/portable/raspberrypi/rp2040/dcd_rp2040.c.obj
                0x10004f34                dcd_set_address
 .text.dcd_connect
                0x10004f60       0x10 CMakeFiles/FIRFilter.dir/C_/VSARM/sdk/pico/pico-sdk/lib/tinyusb/src/portable/raspberrypi/rp2040/dcd_rp2040.c.obj
                0x10004f60                dcd_connect
 .text.dcd_init
                0x10004f70       0x7c CMakeFiles/FIRFilter.dir/C_/VSARM/sdk/pico/pico-sdk/lib/tinyusb/src/portable/raspberrypi/rp2040/dcd_rp2040.c.obj
                0x10004f70                dcd_init
 .text.dcd_edpt0_status_complete
                0x10004fec       0x1c CMakeFiles/FIRFilter.dir/C_/VSARM/sdk/pico/pico-sdk/lib/tinyusb/src/portable/raspberrypi/rp2040/dcd_rp2040.c.obj
                0x10004fec                dcd_edpt0_status_complete
 .text.dcd_edpt_open
                0x10005008       0x40 CMakeFiles/FIRFilter.dir/C_/VSARM/sdk/pico/pico-sdk/lib/tinyusb/src/portable/raspberrypi/rp2040/dcd_rp2040.c.obj
                0x10005008                dcd_edpt_open
 .text.dcd_edpt_close_all
                0x10005048        0x8 CMakeFiles/FIRFilter.dir/C_/VSARM/sdk/pico/pico-sdk/lib/tinyusb/src/portable/raspberrypi/rp2040/dcd_rp2040.c.obj
                0x10005048                dcd_edpt_close_all
 .text.dcd_edpt_xfer
                0x10005050       0x30 CMakeFiles/FIRFilter.dir/C_/VSARM/sdk/pico/pico-sdk/lib/tinyusb/src/portable/raspberrypi/rp2040/dcd_rp2040.c.obj
                0x10005050                dcd_edpt_xfer
 .text.dcd_edpt_stall
                0x10005080       0x2c CMakeFiles/FIRFilter.dir/C_/VSARM/sdk/pico/pico-sdk/lib/tinyusb/src/portable/raspberrypi/rp2040/dcd_rp2040.c.obj
                0x10005080                dcd_edpt_stall
 .text.dcd_edpt_clear_stall
                0x100050ac       0x20 CMakeFiles/FIRFilter.dir/C_/VSARM/sdk/pico/pico-sdk/lib/tinyusb/src/portable/raspberrypi/rp2040/dcd_rp2040.c.obj
                0x100050ac                dcd_edpt_clear_stall
 .text.prepare_ep_buffer
                0x100050cc       0x70 CMakeFiles/FIRFilter.dir/C_/VSARM/sdk/pico/pico-sdk/lib/tinyusb/src/portable/raspberrypi/rp2040/rp2040_usb.c.obj
 .text.sync_ep_buffer
                0x1000513c       0x7c CMakeFiles/FIRFilter.dir/C_/VSARM/sdk/pico/pico-sdk/lib/tinyusb/src/portable/raspberrypi/rp2040/rp2040_usb.c.obj
 .text._hw_endpoint_xfer_sync
                0x100051b8       0x28 CMakeFiles/FIRFilter.dir/C_/VSARM/sdk/pico/pico-sdk/lib/tinyusb/src/portable/raspberrypi/rp2040/rp2040_usb.c.obj
 .text.rp2040_usb_init
                0x100051e0       0x4c CMakeFiles/FIRFilter.dir/C_/VSARM/sdk/pico/pico-sdk/lib/tinyusb/src/portable/raspberrypi/rp2040/rp2040_usb.c.obj
                0x100051e0                rp2040_usb_init
 .text.hw_endpoint_reset_transfer
                0x1000522c        0xc CMakeFiles/FIRFilter.dir/C_/VSARM/sdk/pico/pico-sdk/lib/tinyusb/src/portable/raspberrypi/rp2040/rp2040_usb.c.obj
                0x1000522c                hw_endpoint_reset_transfer
 .text._hw_endpoint_buffer_control_update32
                0x10005238       0x58 CMakeFiles/FIRFilter.dir/C_/VSARM/sdk/pico/pico-sdk/lib/tinyusb/src/portable/raspberrypi/rp2040/rp2040_usb.c.obj
                0x10005238                _hw_endpoint_buffer_control_update32
 .text._hw_endpoint_start_next_buffer
                0x10005290       0x74 CMakeFiles/FIRFilter.dir/C_/VSARM/sdk/pico/pico-sdk/lib/tinyusb/src/portable/raspberrypi/rp2040/rp2040_usb.c.obj
 .text.hw_endpoint_xfer_start
                0x10005304       0x48 CMakeFiles/FIRFilter.dir/C_/VSARM/sdk/pico/pico-sdk/lib/tinyusb/src/portable/raspberrypi/rp2040/rp2040_usb.c.obj
                0x10005304                hw_endpoint_xfer_start
 .text.hw_endpoint_xfer_continue
                0x1000534c       0x38 CMakeFiles/FIRFilter.dir/C_/VSARM/sdk/pico/pico-sdk/lib/tinyusb/src/portable/raspberrypi/rp2040/rp2040_usb.c.obj
                0x1000534c                hw_endpoint_xfer_continue
 .text.configuration_reset
                0x10005384       0x84 CMakeFiles/FIRFilter.dir/C_/VSARM/sdk/pico/pico-sdk/lib/tinyusb/src/device/usbd.c.obj
 .text.usbd_reset
                0x10005408        0xc CMakeFiles/FIRFilter.dir/C_/VSARM/sdk/pico/pico-sdk/lib/tinyusb/src/device/usbd.c.obj
 .text.invoke_class_control
                0x10005414       0x1a CMakeFiles/FIRFilter.dir/C_/VSARM/sdk/pico/pico-sdk/lib/tinyusb/src/device/usbd.c.obj
 *fill*         0x1000542e        0x2 
 .text.process_set_config
                0x10005430      0x1b0 CMakeFiles/FIRFilter.dir/C_/VSARM/sdk/pico/pico-sdk/lib/tinyusb/src/device/usbd.c.obj
 .text.process_get_descriptor
                0x100055e0       0xec CMakeFiles/FIRFilter.dir/C_/VSARM/sdk/pico/pico-sdk/lib/tinyusb/src/device/usbd.c.obj
 .text.tud_mounted
                0x100056cc       0x10 CMakeFiles/FIRFilter.dir/C_/VSARM/sdk/pico/pico-sdk/lib/tinyusb/src/device/usbd.c.obj
                0x100056cc                tud_mounted
 .text.tud_suspended
                0x100056dc       0x10 CMakeFiles/FIRFilter.dir/C_/VSARM/sdk/pico/pico-sdk/lib/tinyusb/src/device/usbd.c.obj
                0x100056dc                tud_suspended
 .text.tud_inited
                0x100056ec        0xc CMakeFiles/FIRFilter.dir/C_/VSARM/sdk/pico/pico-sdk/lib/tinyusb/src/device/usbd.c.obj
                0x100056ec                tud_inited
 .text.tud_init
                0x100056f8       0xcc CMakeFiles/FIRFilter.dir/C_/VSARM/sdk/pico/pico-sdk/lib/tinyusb/src/device/usbd.c.obj
                0x100056f8                tud_init
 .text.dcd_event_handler
                0x100057c4      0x1e0 CMakeFiles/FIRFilter.dir/C_/VSARM/sdk/pico/pico-sdk/lib/tinyusb/src/device/usbd.c.obj
                0x100057c4                dcd_event_handler
 .text.dcd_event_bus_signal
                0x100059a4       0x26 CMakeFiles/FIRFilter.dir/C_/VSARM/sdk/pico/pico-sdk/lib/tinyusb/src/device/usbd.c.obj
                0x100059a4                dcd_event_bus_signal
 .text.dcd_event_bus_reset
                0x100059ca       0x2a CMakeFiles/FIRFilter.dir/C_/VSARM/sdk/pico/pico-sdk/lib/tinyusb/src/device/usbd.c.obj
                0x100059ca                dcd_event_bus_reset
 .text.dcd_event_setup_received
                0x100059f4       0x34 CMakeFiles/FIRFilter.dir/C_/VSARM/sdk/pico/pico-sdk/lib/tinyusb/src/device/usbd.c.obj
                0x100059f4                dcd_event_setup_received
 .text.dcd_event_xfer_complete
                0x10005a28       0x44 CMakeFiles/FIRFilter.dir/C_/VSARM/sdk/pico/pico-sdk/lib/tinyusb/src/device/usbd.c.obj
                0x10005a28                dcd_event_xfer_complete
 .text.usbd_edpt_open
                0x10005a6c       0x58 CMakeFiles/FIRFilter.dir/C_/VSARM/sdk/pico/pico-sdk/lib/tinyusb/src/device/usbd.c.obj
                0x10005a6c                usbd_edpt_open
 .text.usbd_open_edpt_pair
                0x10005ac4       0x8c CMakeFiles/FIRFilter.dir/C_/VSARM/sdk/pico/pico-sdk/lib/tinyusb/src/device/usbd.c.obj
                0x10005ac4                usbd_open_edpt_pair
 .text.usbd_edpt_claim
                0x10005b50       0x8c CMakeFiles/FIRFilter.dir/C_/VSARM/sdk/pico/pico-sdk/lib/tinyusb/src/device/usbd.c.obj
                0x10005b50                usbd_edpt_claim
 .text.usbd_edpt_release
                0x10005bdc       0x68 CMakeFiles/FIRFilter.dir/C_/VSARM/sdk/pico/pico-sdk/lib/tinyusb/src/device/usbd.c.obj
                0x10005bdc                usbd_edpt_release
 .text.usbd_edpt_xfer
                0x10005c44       0x80 CMakeFiles/FIRFilter.dir/C_/VSARM/sdk/pico/pico-sdk/lib/tinyusb/src/device/usbd.c.obj
                0x10005c44                usbd_edpt_xfer
 .text.usbd_edpt_stall
                0x10005cc4       0x40 CMakeFiles/FIRFilter.dir/C_/VSARM/sdk/pico/pico-sdk/lib/tinyusb/src/device/usbd.c.obj
                0x10005cc4                usbd_edpt_stall
 .text.usbd_edpt_clear_stall
                0x10005d04       0x40 CMakeFiles/FIRFilter.dir/C_/VSARM/sdk/pico/pico-sdk/lib/tinyusb/src/device/usbd.c.obj
                0x10005d04                usbd_edpt_clear_stall
 .text.usbd_edpt_stalled
                0x10005d44       0x1c CMakeFiles/FIRFilter.dir/C_/VSARM/sdk/pico/pico-sdk/lib/tinyusb/src/device/usbd.c.obj
                0x10005d44                usbd_edpt_stalled
 .text.process_control_request
                0x10005d60      0x3b8 CMakeFiles/FIRFilter.dir/C_/VSARM/sdk/pico/pico-sdk/lib/tinyusb/src/device/usbd.c.obj
 .text.tud_task
                0x10006118      0x218 CMakeFiles/FIRFilter.dir/C_/VSARM/sdk/pico/pico-sdk/lib/tinyusb/src/device/usbd.c.obj
                0x10006118                tud_task
 .text._data_stage_xact
                0x10006330       0x58 CMakeFiles/FIRFilter.dir/C_/VSARM/sdk/pico/pico-sdk/lib/tinyusb/src/device/usbd_control.c.obj
 .text.tud_control_status
                0x10006388       0x38 CMakeFiles/FIRFilter.dir/C_/VSARM/sdk/pico/pico-sdk/lib/tinyusb/src/device/usbd_control.c.obj
                0x10006388                tud_control_status
 .text.tud_control_xfer
                0x100063c0       0xa8 CMakeFiles/FIRFilter.dir/C_/VSARM/sdk/pico/pico-sdk/lib/tinyusb/src/device/usbd_control.c.obj
                0x100063c0                tud_control_xfer
 .text.usbd_control_reset
                0x10006468       0x14 CMakeFiles/FIRFilter.dir/C_/VSARM/sdk/pico/pico-sdk/lib/tinyusb/src/device/usbd_control.c.obj
                0x10006468                usbd_control_reset
 .text.usbd_control_set_complete_callback
                0x1000647c        0xc CMakeFiles/FIRFilter.dir/C_/VSARM/sdk/pico/pico-sdk/lib/tinyusb/src/device/usbd_control.c.obj
                0x1000647c                usbd_control_set_complete_callback
 .text.usbd_control_set_request
                0x10006488       0x1c CMakeFiles/FIRFilter.dir/C_/VSARM/sdk/pico/pico-sdk/lib/tinyusb/src/device/usbd_control.c.obj
                0x10006488                usbd_control_set_request
 .text.usbd_control_xfer_cb
                0x100064a4       0xfc CMakeFiles/FIRFilter.dir/C_/VSARM/sdk/pico/pico-sdk/lib/tinyusb/src/device/usbd_control.c.obj
                0x100064a4                usbd_control_xfer_cb
 .text._prep_out_transaction
                0x100065a0       0x46 CMakeFiles/FIRFilter.dir/C_/VSARM/sdk/pico/pico-sdk/lib/tinyusb/src/class/cdc/cdc_device.c.obj
 *fill*         0x100065e6        0x2 
 .text.tud_cdc_n_connected
                0x100065e8       0x44 CMakeFiles/FIRFilter.dir/C_/VSARM/sdk/pico/pico-sdk/lib/tinyusb/src/class/cdc/cdc_device.c.obj
                0x100065e8                tud_cdc_n_connected
 .text.tud_cdc_n_available
                0x1000662c       0x18 CMakeFiles/FIRFilter.dir/C_/VSARM/sdk/pico/pico-sdk/lib/tinyusb/src/class/cdc/cdc_device.c.obj
                0x1000662c                tud_cdc_n_available
 .text.tud_cdc_n_read
                0x10006644       0x28 CMakeFiles/FIRFilter.dir/C_/VSARM/sdk/pico/pico-sdk/lib/tinyusb/src/class/cdc/cdc_device.c.obj
                0x10006644                tud_cdc_n_read
 .text.tud_cdc_n_write_flush
                0x1000666c       0xcc CMakeFiles/FIRFilter.dir/C_/VSARM/sdk/pico/pico-sdk/lib/tinyusb/src/class/cdc/cdc_device.c.obj
                0x1000666c                tud_cdc_n_write_flush
 .text.tud_cdc_n_write
                0x10006738       0x38 CMakeFiles/FIRFilter.dir/C_/VSARM/sdk/pico/pico-sdk/lib/tinyusb/src/class/cdc/cdc_device.c.obj
                0x10006738                tud_cdc_n_write
 .text.tud_cdc_n_write_available
                0x10006770       0x1c CMakeFiles/FIRFilter.dir/C_/VSARM/sdk/pico/pico-sdk/lib/tinyusb/src/class/cdc/cdc_device.c.obj
                0x10006770                tud_cdc_n_write_available
 .text.cdcd_init
                0x1000678c       0xbc CMakeFiles/FIRFilter.dir/C_/VSARM/sdk/pico/pico-sdk/lib/tinyusb/src/class/cdc/cdc_device.c.obj
                0x1000678c                cdcd_init
 .text.cdcd_reset
                0x10006848       0x44 CMakeFiles/FIRFilter.dir/C_/VSARM/sdk/pico/pico-sdk/lib/tinyusb/src/class/cdc/cdc_device.c.obj
                0x10006848                cdcd_reset
 .text.cdcd_open
                0x1000688c       0xf8 CMakeFiles/FIRFilter.dir/C_/VSARM/sdk/pico/pico-sdk/lib/tinyusb/src/class/cdc/cdc_device.c.obj
                0x1000688c                cdcd_open
 .text.cdcd_control_xfer_cb
                0x10006984      0x134 CMakeFiles/FIRFilter.dir/C_/VSARM/sdk/pico/pico-sdk/lib/tinyusb/src/class/cdc/cdc_device.c.obj
                0x10006984                cdcd_control_xfer_cb
 .text.cdcd_xfer_cb
                0x10006ab8      0x144 CMakeFiles/FIRFilter.dir/C_/VSARM/sdk/pico/pico-sdk/lib/tinyusb/src/class/cdc/cdc_device.c.obj
                0x10006ab8                cdcd_xfer_cb
 .text.tusb_init
                0x10006bfc       0x24 CMakeFiles/FIRFilter.dir/C_/VSARM/sdk/pico/pico-sdk/lib/tinyusb/src/tusb.c.obj
                0x10006bfc                tusb_init
 .text.tusb_inited
                0x10006c20        0xe CMakeFiles/FIRFilter.dir/C_/VSARM/sdk/pico/pico-sdk/lib/tinyusb/src/tusb.c.obj
                0x10006c20                tusb_inited
 *fill*         0x10006c2e        0x2 
 .text.tu_edpt_validate
                0x10006c30       0xa8 CMakeFiles/FIRFilter.dir/C_/VSARM/sdk/pico/pico-sdk/lib/tinyusb/src/tusb.c.obj
                0x10006c30                tu_edpt_validate
 .text.tu_edpt_bind_driver
                0x10006cd8       0x2a CMakeFiles/FIRFilter.dir/C_/VSARM/sdk/pico/pico-sdk/lib/tinyusb/src/tusb.c.obj
                0x10006cd8                tu_edpt_bind_driver
 .text.advance_pointer
                0x10006d02       0x18 CMakeFiles/FIRFilter.dir/C_/VSARM/sdk/pico/pico-sdk/lib/tinyusb/src/common/tusb_fifo.c.obj
 .text.backward_pointer
                0x10006d1a       0x1e CMakeFiles/FIRFilter.dir/C_/VSARM/sdk/pico/pico-sdk/lib/tinyusb/src/common/tusb_fifo.c.obj
 .text.get_relative_pointer
                0x10006d38       0x10 CMakeFiles/FIRFilter.dir/C_/VSARM/sdk/pico/pico-sdk/lib/tinyusb/src/common/tusb_fifo.c.obj
 .text._tu_fifo_peek
                0x10006d48       0x50 CMakeFiles/FIRFilter.dir/C_/VSARM/sdk/pico/pico-sdk/lib/tinyusb/src/common/tusb_fifo.c.obj
 .text._ff_pull_const_addr
                0x10006d98       0x4c CMakeFiles/FIRFilter.dir/C_/VSARM/sdk/pico/pico-sdk/lib/tinyusb/src/common/tusb_fifo.c.obj
 .text._ff_pull_n
                0x10006de4      0x10c CMakeFiles/FIRFilter.dir/C_/VSARM/sdk/pico/pico-sdk/lib/tinyusb/src/common/tusb_fifo.c.obj
 .text._tu_fifo_peek_n
                0x10006ef0       0x5e CMakeFiles/FIRFilter.dir/C_/VSARM/sdk/pico/pico-sdk/lib/tinyusb/src/common/tusb_fifo.c.obj
 .text._tu_fifo_read_n
                0x10006f4e       0x4e CMakeFiles/FIRFilter.dir/C_/VSARM/sdk/pico/pico-sdk/lib/tinyusb/src/common/tusb_fifo.c.obj
 .text._ff_push_const_addr
                0x10006f9c       0x40 CMakeFiles/FIRFilter.dir/C_/VSARM/sdk/pico/pico-sdk/lib/tinyusb/src/common/tusb_fifo.c.obj
 .text._ff_push_n
                0x10006fdc      0x108 CMakeFiles/FIRFilter.dir/C_/VSARM/sdk/pico/pico-sdk/lib/tinyusb/src/common/tusb_fifo.c.obj
 .text._tu_fifo_write_n
                0x100070e4       0x9e CMakeFiles/FIRFilter.dir/C_/VSARM/sdk/pico/pico-sdk/lib/tinyusb/src/common/tusb_fifo.c.obj
 .text.tu_fifo_config
                0x10007182       0x72 CMakeFiles/FIRFilter.dir/C_/VSARM/sdk/pico/pico-sdk/lib/tinyusb/src/common/tusb_fifo.c.obj
                0x10007182                tu_fifo_config
 .text.tu_fifo_count
                0x100071f4       0x26 CMakeFiles/FIRFilter.dir/C_/VSARM/sdk/pico/pico-sdk/lib/tinyusb/src/common/tusb_fifo.c.obj
                0x100071f4                tu_fifo_count
 .text.tu_fifo_empty
                0x1000721a       0x10 CMakeFiles/FIRFilter.dir/C_/VSARM/sdk/pico/pico-sdk/lib/tinyusb/src/common/tusb_fifo.c.obj
                0x1000721a                tu_fifo_empty
 .text.tu_fifo_remaining
                0x1000722a       0x20 CMakeFiles/FIRFilter.dir/C_/VSARM/sdk/pico/pico-sdk/lib/tinyusb/src/common/tusb_fifo.c.obj
                0x1000722a                tu_fifo_remaining
 .text.tu_fifo_read
                0x1000724a       0x42 CMakeFiles/FIRFilter.dir/C_/VSARM/sdk/pico/pico-sdk/lib/tinyusb/src/common/tusb_fifo.c.obj
                0x1000724a                tu_fifo_read
 .text.tu_fifo_read_n
                0x1000728c        0xa CMakeFiles/FIRFilter.dir/C_/VSARM/sdk/pico/pico-sdk/lib/tinyusb/src/common/tusb_fifo.c.obj
                0x1000728c                tu_fifo_read_n
 .text.tu_fifo_write
                0x10007296       0x6c CMakeFiles/FIRFilter.dir/C_/VSARM/sdk/pico/pico-sdk/lib/tinyusb/src/common/tusb_fifo.c.obj
                0x10007296                tu_fifo_write
 .text.tu_fifo_write_n
                0x10007302        0xa CMakeFiles/FIRFilter.dir/C_/VSARM/sdk/pico/pico-sdk/lib/tinyusb/src/common/tusb_fifo.c.obj
                0x10007302                tu_fifo_write_n
 .text.tu_fifo_clear
                0x1000730c       0x4c CMakeFiles/FIRFilter.dir/C_/VSARM/sdk/pico/pico-sdk/lib/tinyusb/src/common/tusb_fifo.c.obj
                0x1000730c                tu_fifo_clear
 .text.tu_fifo_set_overwritable
                0x10007358       0x3c CMakeFiles/FIRFilter.dir/C_/VSARM/sdk/pico/pico-sdk/lib/tinyusb/src/common/tusb_fifo.c.obj
                0x10007358                tu_fifo_set_overwritable
 .text._retrieve_unique_id_on_boot
                0x10007394       0x10 CMakeFiles/FIRFilter.dir/C_/VSARM/sdk/pico/pico-sdk/src/rp2_common/pico_unique_id/unique_id.c.obj
 .text.pico_get_unique_board_id_string
                0x100073a4       0x60 CMakeFiles/FIRFilter.dir/C_/VSARM/sdk/pico/pico-sdk/src/rp2_common/pico_unique_id/unique_id.c.obj
                0x100073a4                pico_get_unique_board_id_string
 .text.flash_get_unique_id
                0x10007404       0x46 CMakeFiles/FIRFilter.dir/C_/VSARM/sdk/pico/pico-sdk/src/rp2_common/hardware_flash/flash.c.obj
                0x10007404                flash_get_unique_id
 *fill*         0x1000744a        0x2 
 .text.adc_init
                0x1000744c       0x34 CMakeFiles/FIRFilter.dir/C_/VSARM/sdk/pico/pico-sdk/src/rp2_common/hardware_adc/adc.c.obj
                0x1000744c                adc_init
 .text.strlen   0x10007480       0x5c c:/vsarm/armcc/102021~1.10/bin/../lib/gcc/arm-none-eabi/10.3.1/../../../../arm-none-eabi/lib/thumb/v6-m/nofp\libg.a(lib_a-strlen-stub.o)
                0x10007480                strlen
 *(.fini)
 .fini          0x100074dc        0x4 c:/vsarm/armcc/102021~1.10/bin/../lib/gcc/arm-none-eabi/10.3.1/thumb/v6-m/nofp/crti.o
                0x100074dc                _fini
 .fini.__stub   0x100074e0       0x70 linker stubs
 *crtbegin.o(.ctors)
 *crtbegin?.o(.ctors)
 *(EXCLUDE_FILE(*crtend.o *crtend?.o) .ctors)
 *(SORT_BY_NAME(.ctors.*))
 *(.ctors)
 *crtbegin.o(.dtors)
 *crtbegin?.o(.dtors)
 *(EXCLUDE_FILE(*crtend.o *crtend?.o) .dtors)
 *(SORT_BY_NAME(.dtors.*))
 *(.dtors)
 *(.eh_frame*)
 .eh_frame      0x10007550        0x0 c:/vsarm/armcc/102021~1.10/bin/../lib/gcc/arm-none-eabi/10.3.1/thumb/v6-m/nofp/crtbegin.o
                0x10007550                . = ALIGN (0x4)

.glue_7         0x10007550        0x0
 .glue_7        0x10007550        0x0 linker stubs

.glue_7t        0x10007550        0x0
 .glue_7t       0x10007550        0x0 linker stubs

.vfp11_veneer   0x10007550        0x0
 .vfp11_veneer  0x10007550        0x0 linker stubs

.v4_bx          0x10007550        0x0
 .v4_bx         0x10007550        0x0 linker stubs

.iplt           0x10007550        0x0
 .iplt          0x10007550        0x0 c:/vsarm/armcc/102021~1.10/bin/../lib/gcc/arm-none-eabi/10.3.1/thumb/v6-m/nofp/crtbegin.o

.rodata         0x10007550     0x1720
 *(EXCLUDE_FILE(*libm.a: *libc.a:*lib_a-mem*.o *libgcc.a:) .rodata*)
 .rodata.main.str1.4
                0x10007550        0xc CMakeFiles/FIRFilter.dir/FIRFilter.c.obj
 .rodata.FIR_IMPULSE_RESPONSE
                0x1000755c       0x40 CMakeFiles/FIRFilter.dir/FIRFilter.c.obj
 .rodata.spin_lock_claim_unused.str1.4
                0x1000759c       0x1b CMakeFiles/FIRFilter.dir/C_/VSARM/sdk/pico/pico-sdk/src/rp2_common/hardware_sync/sync.c.obj
 *fill*         0x100075b7        0x1 
 .rodata.make_branch.str1.4
                0x100075b8       0x6d CMakeFiles/FIRFilter.dir/C_/VSARM/sdk/pico/pico-sdk/src/rp2_common/hardware_irq/irq.c.obj
 *fill*         0x10007625        0x3 
 .rodata.insert_branch_and_link.str1.4
                0x10007628       0x10 CMakeFiles/FIRFilter.dir/C_/VSARM/sdk/pico/pico-sdk/src/rp2_common/hardware_irq/irq.c.obj
 .rodata.irq_set_exclusive_handler.str1.4
                0x10007638       0x36 CMakeFiles/FIRFilter.dir/C_/VSARM/sdk/pico/pico-sdk/src/rp2_common/hardware_irq/irq.c.obj
 *fill*         0x1000766e        0x2 
 .rodata.irq_add_shared_handler.str1.4
                0x10007670       0xd9 CMakeFiles/FIRFilter.dir/C_/VSARM/sdk/pico/pico-sdk/src/rp2_common/hardware_irq/irq.c.obj
 *fill*         0x10007749        0x3 
 .rodata.irq_remove_handler.str1.4
                0x1000774c       0x2a CMakeFiles/FIRFilter.dir/C_/VSARM/sdk/pico/pico-sdk/src/rp2_common/hardware_irq/irq.c.obj
 *fill*         0x10007776        0x2 
 .rodata.irq_add_tail_to_free_list.str1.4
                0x10007778       0x3a CMakeFiles/FIRFilter.dir/C_/VSARM/sdk/pico/pico-sdk/src/rp2_common/hardware_irq/irq.c.obj
 *fill*         0x100077b2        0x2 
 .rodata.user_irq_claim_unused.str1.4
                0x100077b4       0x1b CMakeFiles/FIRFilter.dir/C_/VSARM/sdk/pico/pico-sdk/src/rp2_common/hardware_irq/irq.c.obj
 *fill*         0x100077cf        0x1 
 .rodata.__func__.0
                0x100077d0       0x1a CMakeFiles/FIRFilter.dir/C_/VSARM/sdk/pico/pico-sdk/src/rp2_common/hardware_irq/irq.c.obj
 *fill*         0x100077ea        0x2 
 .rodata.__func__.1
                0x100077ec       0x17 CMakeFiles/FIRFilter.dir/C_/VSARM/sdk/pico/pico-sdk/src/rp2_common/hardware_irq/irq.c.obj
 *fill*         0x10007803        0x1 
 .rodata.__func__.2
                0x10007804       0x13 CMakeFiles/FIRFilter.dir/C_/VSARM/sdk/pico/pico-sdk/src/rp2_common/hardware_irq/irq.c.obj
 *fill*         0x10007817        0x1 
 .rodata.__func__.3
                0x10007818        0xc CMakeFiles/FIRFilter.dir/C_/VSARM/sdk/pico/pico-sdk/src/rp2_common/hardware_irq/irq.c.obj
 .rodata.__func__.4
                0x10007824        0xf CMakeFiles/FIRFilter.dir/C_/VSARM/sdk/pico/pico-sdk/src/rp2_common/hardware_irq/irq.c.obj
 *fill*         0x10007833        0x1 
 .rodata.__func__.5
                0x10007834       0x17 CMakeFiles/FIRFilter.dir/C_/VSARM/sdk/pico/pico-sdk/src/rp2_common/hardware_irq/irq.c.obj
 *fill*         0x1000784b        0x1 
 .rodata.__func__.6
                0x1000784c       0x1a CMakeFiles/FIRFilter.dir/C_/VSARM/sdk/pico/pico-sdk/src/rp2_common/hardware_irq/irq.c.obj
 *fill*         0x10007866        0x2 
 .rodata.repeating_timer_callback.str1.4
                0x10007868       0x4b CMakeFiles/FIRFilter.dir/C_/VSARM/sdk/pico/pico-sdk/src/common/pico_time/time.c.obj
 *fill*         0x100078b3        0x1 
 .rodata.alarm_pool_dump_key.str1.4
                0x100078b4       0x33 CMakeFiles/FIRFilter.dir/C_/VSARM/sdk/pico/pico-sdk/src/common/pico_time/time.c.obj
 *fill*         0x100078e7        0x1 
 .rodata.ph_add_child_node.str1.4
                0x100078e8       0x96 CMakeFiles/FIRFilter.dir/C_/VSARM/sdk/pico/pico-sdk/src/common/pico_time/time.c.obj
 *fill*         0x1000797e        0x2 
 .rodata.add_alarm_under_lock.str1.4
                0x10007980       0x28 CMakeFiles/FIRFilter.dir/C_/VSARM/sdk/pico/pico-sdk/src/common/pico_time/time.c.obj
                                 0x2b (size before relaxing)
 .rodata.alarm_pool_alarm_callback.str1.4
                0x100079a8       0xe6 CMakeFiles/FIRFilter.dir/C_/VSARM/sdk/pico/pico-sdk/src/common/pico_time/time.c.obj
 *fill*         0x10007a8e        0x2 
 .rodata.alarm_pool_get_default.str1.4
                0x10007a90       0x21 CMakeFiles/FIRFilter.dir/C_/VSARM/sdk/pico/pico-sdk/src/common/pico_time/time.c.obj
 *fill*         0x10007ab1        0x3 
 .rodata.alarm_pool_cancel_alarm.str1.4
                0x10007ab4       0x27 CMakeFiles/FIRFilter.dir/C_/VSARM/sdk/pico/pico-sdk/src/common/pico_time/time.c.obj
 *fill*         0x10007adb        0x1 
 .rodata.sleep_until.str1.4
                0x10007adc       0x4d CMakeFiles/FIRFilter.dir/C_/VSARM/sdk/pico/pico-sdk/src/common/pico_time/time.c.obj
 *fill*         0x10007b29        0x3 
 .rodata.__func__.1
                0x10007b2c       0x18 CMakeFiles/FIRFilter.dir/C_/VSARM/sdk/pico/pico-sdk/src/common/pico_time/time.c.obj
 .rodata.__func__.10
                0x10007b44       0x15 CMakeFiles/FIRFilter.dir/C_/VSARM/sdk/pico/pico-sdk/src/common/pico_time/time.c.obj
 *fill*         0x10007b59        0x3 
 .rodata.__func__.11
                0x10007b5c       0x1a CMakeFiles/FIRFilter.dir/C_/VSARM/sdk/pico/pico-sdk/src/common/pico_time/time.c.obj
 *fill*         0x10007b76        0x2 
 .rodata.__func__.12
                0x10007b78        0xa CMakeFiles/FIRFilter.dir/C_/VSARM/sdk/pico/pico-sdk/src/common/pico_time/time.c.obj
 *fill*         0x10007b82        0x2 
 .rodata.__func__.3
                0x10007b84       0x17 CMakeFiles/FIRFilter.dir/C_/VSARM/sdk/pico/pico-sdk/src/common/pico_time/time.c.obj
 *fill*         0x10007b9b        0x1 
 .rodata.__func__.4
                0x10007b9c       0x12 CMakeFiles/FIRFilter.dir/C_/VSARM/sdk/pico/pico-sdk/src/common/pico_time/time.c.obj
 *fill*         0x10007bae        0x2 
 .rodata.__func__.5
                0x10007bb0        0xd CMakeFiles/FIRFilter.dir/C_/VSARM/sdk/pico/pico-sdk/src/common/pico_time/time.c.obj
 *fill*         0x10007bbd        0x3 
 .rodata.__func__.6
                0x10007bc0       0x12 CMakeFiles/FIRFilter.dir/C_/VSARM/sdk/pico/pico-sdk/src/common/pico_time/time.c.obj
 *fill*         0x10007bd2        0x2 
 .rodata.__func__.7
                0x10007bd4        0xf CMakeFiles/FIRFilter.dir/C_/VSARM/sdk/pico/pico-sdk/src/common/pico_time/time.c.obj
 *fill*         0x10007be3        0x1 
 .rodata.__func__.8
                0x10007be4        0xc CMakeFiles/FIRFilter.dir/C_/VSARM/sdk/pico/pico-sdk/src/common/pico_time/time.c.obj
 .rodata.__func__.9
                0x10007bf0       0x15 CMakeFiles/FIRFilter.dir/C_/VSARM/sdk/pico/pico-sdk/src/common/pico_time/time.c.obj
 *fill*         0x10007c05        0x3 
 .rodata.hardware_alarm_claim.str1.4
                0x10007c08       0x22 CMakeFiles/FIRFilter.dir/C_/VSARM/sdk/pico/pico-sdk/src/rp2_common/hardware_timer/timer.c.obj
 *fill*         0x10007c2a        0x2 
 .rodata.hardware_alarm_set_target.str1.4
                0x10007c2c       0x65 CMakeFiles/FIRFilter.dir/C_/VSARM/sdk/pico/pico-sdk/src/rp2_common/hardware_timer/timer.c.obj
 *fill*         0x10007c91        0x3 
 .rodata.__func__.0
                0x10007c94       0x1a CMakeFiles/FIRFilter.dir/C_/VSARM/sdk/pico/pico-sdk/src/rp2_common/hardware_timer/timer.c.obj
 .rodata.ph_add_child_node.str1.4
                0x10007cae       0x96 CMakeFiles/FIRFilter.dir/C_/VSARM/sdk/pico/pico-sdk/src/common/pico_util/pheap.c.obj
 *fill*         0x10007cae        0x2 
 .rodata.ph_remove_any_head.str1.4
                0x10007cb0       0x8c CMakeFiles/FIRFilter.dir/C_/VSARM/sdk/pico/pico-sdk/src/common/pico_util/pheap.c.obj
 .rodata.ph_remove_and_free_node.str1.4
                0x10007d3c       0x1e CMakeFiles/FIRFilter.dir/C_/VSARM/sdk/pico/pico-sdk/src/common/pico_util/pheap.c.obj
                                 0x26 (size before relaxing)
 *fill*         0x10007d5a        0x2 
 .rodata.__func__.0
                0x10007d5c       0x18 CMakeFiles/FIRFilter.dir/C_/VSARM/sdk/pico/pico-sdk/src/common/pico_util/pheap.c.obj
 .rodata.__func__.1
                0x10007d74       0x13 CMakeFiles/FIRFilter.dir/C_/VSARM/sdk/pico/pico-sdk/src/common/pico_util/pheap.c.obj
 *fill*         0x10007d87        0x1 
 .rodata.__func__.2
                0x10007d88       0x12 CMakeFiles/FIRFilter.dir/C_/VSARM/sdk/pico/pico-sdk/src/common/pico_util/pheap.c.obj
 *fill*         0x10007d9a        0x2 
 .rodata.__func__.3
                0x10007d9c        0xc CMakeFiles/FIRFilter.dir/C_/VSARM/sdk/pico/pico-sdk/src/common/pico_util/pheap.c.obj
 .rodata.str1.4
                0x10007da8       0x89 CMakeFiles/FIRFilter.dir/C_/VSARM/sdk/pico/pico-sdk/src/common/pico_sync/mutex.c.obj
                                 0xed (size before relaxing)
 *fill*         0x10007e31        0x3 
 .rodata.__func__.1
                0x10007e34        0xb CMakeFiles/FIRFilter.dir/C_/VSARM/sdk/pico/pico-sdk/src/common/pico_sync/mutex.c.obj
 *fill*         0x10007e3f        0x1 
 .rodata.__func__.3
                0x10007e40       0x18 CMakeFiles/FIRFilter.dir/C_/VSARM/sdk/pico/pico-sdk/src/common/pico_sync/mutex.c.obj
 .rodata.__func__.4
                0x10007e58       0x15 CMakeFiles/FIRFilter.dir/C_/VSARM/sdk/pico/pico-sdk/src/common/pico_sync/mutex.c.obj
 *fill*         0x10007e6d        0x3 
 .rodata.__assert_func.str1.4
                0x10007e70       0x3f CMakeFiles/FIRFilter.dir/C_/VSARM/sdk/pico/pico-sdk/src/rp2_common/pico_runtime/runtime.c.obj
                                 0x43 (size before relaxing)
 *fill*         0x10007eaf        0x1 
 .rodata.runtime_init.str1.4
                0x10007eb0       0x61 CMakeFiles/FIRFilter.dir/C_/VSARM/sdk/pico/pico-sdk/src/rp2_common/pico_runtime/runtime.c.obj
 *fill*         0x10007f11        0x3 
 .rodata.panic.str1.4
                0x10007f14       0x12 CMakeFiles/FIRFilter.dir/C_/VSARM/sdk/pico/pico-sdk/src/rp2_common/pico_runtime/runtime.c.obj
 *fill*         0x10007f26        0x2 
 .rodata.__func__.1
                0x10007f28        0xd CMakeFiles/FIRFilter.dir/C_/VSARM/sdk/pico/pico-sdk/src/rp2_common/pico_runtime/runtime.c.obj
 *fill*         0x10007f35        0x3 
 .rodata.clock_configure.str1.4
                0x10007f38       0x57 CMakeFiles/FIRFilter.dir/C_/VSARM/sdk/pico/pico-sdk/src/rp2_common/hardware_clocks/clocks.c.obj
 *fill*         0x10007f8f        0x1 
 .rodata.__func__.1
                0x10007f90       0x10 CMakeFiles/FIRFilter.dir/C_/VSARM/sdk/pico/pico-sdk/src/rp2_common/hardware_clocks/clocks.c.obj
 .rodata.pll_init.str1.4
                0x10007fa0      0x13b CMakeFiles/FIRFilter.dir/C_/VSARM/sdk/pico/pico-sdk/src/rp2_common/hardware_pll/pll.c.obj
 *fill*         0x100080db        0x1 
 .rodata.__func__.0
                0x100080dc        0x9 CMakeFiles/FIRFilter.dir/C_/VSARM/sdk/pico/pico-sdk/src/rp2_common/hardware_pll/pll.c.obj
 *fill*         0x100080e5        0x3 
 .rodata._ftoa.str1.4
                0x100080e8       0x15 CMakeFiles/FIRFilter.dir/C_/VSARM/sdk/pico/pico-sdk/src/rp2_common/pico_printf/printf.c.obj
 *fill*         0x100080fd        0x3 
 .rodata._vsnprintf
                0x10008100      0x1e0 CMakeFiles/FIRFilter.dir/C_/VSARM/sdk/pico/pico-sdk/src/rp2_common/pico_printf/printf.c.obj
 .rodata.pow10.0
                0x100082e0       0x50 CMakeFiles/FIRFilter.dir/C_/VSARM/sdk/pico/pico-sdk/src/rp2_common/pico_printf/printf.c.obj
 .rodata.__aeabi_double_init.str1.4
                0x10008330       0xa8 CMakeFiles/FIRFilter.dir/C_/VSARM/sdk/pico/pico-sdk/src/rp2_common/pico_double/double_init_rom.c.obj
 .rodata.__func__.0
                0x100083d8       0x14 CMakeFiles/FIRFilter.dir/C_/VSARM/sdk/pico/pico-sdk/src/rp2_common/pico_double/double_init_rom.c.obj
 .rodata.__aeabi_float_init.str1.4
                0x100083ec       0x7a CMakeFiles/FIRFilter.dir/C_/VSARM/sdk/pico/pico-sdk/src/rp2_common/pico_float/float_init_rom.c.obj
                                 0x7e (size before relaxing)
 *fill*         0x10008466        0x2 
 .rodata.__func__.0
                0x10008468       0x13 CMakeFiles/FIRFilter.dir/C_/VSARM/sdk/pico/pico-sdk/src/rp2_common/pico_float/float_init_rom.c.obj
 *fill*         0x1000847b        0x1 
 .rodata.str1.4
                0x1000847c       0x40 CMakeFiles/FIRFilter.dir/C_/VSARM/sdk/pico/pico-sdk/src/rp2_common/pico_standard_link/binary_info.c.obj
 .rodata.__bi_44
                0x100084bc        0xc CMakeFiles/FIRFilter.dir/C_/VSARM/sdk/pico/pico-sdk/src/rp2_common/pico_standard_link/binary_info.c.obj
 .rodata.__bi_75
                0x100084c8        0xc CMakeFiles/FIRFilter.dir/C_/VSARM/sdk/pico/pico-sdk/src/rp2_common/pico_standard_link/binary_info.c.obj
 .rodata.__bi_81
                0x100084d4        0xc CMakeFiles/FIRFilter.dir/C_/VSARM/sdk/pico/pico-sdk/src/rp2_common/pico_standard_link/binary_info.c.obj
 .rodata.crlf_str.3
                0x100084e0        0x2 CMakeFiles/FIRFilter.dir/C_/VSARM/sdk/pico/pico-sdk/src/rp2_common/pico_stdio/stdio.c.obj
 *fill*         0x100084e2        0x2 
 .rodata._resetd_driver
                0x100084e4       0x18 CMakeFiles/FIRFilter.dir/C_/VSARM/sdk/pico/pico-sdk/src/rp2_common/pico_stdio_usb/reset_interface.c.obj
 .rodata.timer_task.str1.4
                0x100084fc       0x6d CMakeFiles/FIRFilter.dir/C_/VSARM/sdk/pico/pico-sdk/src/rp2_common/pico_stdio_usb/stdio_usb.c.obj
 .rodata.stdio_usb_init.str1.4
                0x10008569       0x61 CMakeFiles/FIRFilter.dir/C_/VSARM/sdk/pico/pico-sdk/src/rp2_common/pico_stdio_usb/stdio_usb.c.obj
 *fill*         0x10008569        0x3 
 .rodata.str1.4
                0x1000856c       0x13 CMakeFiles/FIRFilter.dir/C_/VSARM/sdk/pico/pico-sdk/src/rp2_common/pico_stdio_usb/stdio_usb.c.obj
 *fill*         0x1000857f        0x1 
 .rodata.__bi_118.2
                0x10008580        0xc CMakeFiles/FIRFilter.dir/C_/VSARM/sdk/pico/pico-sdk/src/rp2_common/pico_stdio_usb/stdio_usb.c.obj
 .rodata.__func__.0
                0x1000858c       0x15 CMakeFiles/FIRFilter.dir/C_/VSARM/sdk/pico/pico-sdk/src/rp2_common/pico_stdio_usb/stdio_usb.c.obj
 *fill*         0x100085a1        0x3 
 .rodata.__func__.1
                0x100085a4        0xb CMakeFiles/FIRFilter.dir/C_/VSARM/sdk/pico/pico-sdk/src/rp2_common/pico_stdio_usb/stdio_usb.c.obj
 *fill*         0x100085af        0x1 
 .rodata.str1.4
                0x100085b0       0x2a CMakeFiles/FIRFilter.dir/C_/VSARM/sdk/pico/pico-sdk/src/rp2_common/pico_stdio_usb/stdio_usb_descriptors.c.obj
 *fill*         0x100085da        0x2 
 .rodata.usbd_desc_cfg
                0x100085dc       0x54 CMakeFiles/FIRFilter.dir/C_/VSARM/sdk/pico/pico-sdk/src/rp2_common/pico_stdio_usb/stdio_usb_descriptors.c.obj
 .rodata.usbd_desc_device
                0x10008630       0x12 CMakeFiles/FIRFilter.dir/C_/VSARM/sdk/pico/pico-sdk/src/rp2_common/pico_stdio_usb/stdio_usb_descriptors.c.obj
 *fill*         0x10008642        0x2 
 .rodata.usbd_desc_str
                0x10008644       0x18 CMakeFiles/FIRFilter.dir/C_/VSARM/sdk/pico/pico-sdk/src/rp2_common/pico_stdio_usb/stdio_usb_descriptors.c.obj
 .rodata._hw_endpoint_alloc.str1.4
                0x1000865c       0xb5 CMakeFiles/FIRFilter.dir/C_/VSARM/sdk/pico/pico-sdk/lib/tinyusb/src/portable/raspberrypi/rp2040/dcd_rp2040.c.obj
 *fill*         0x10008711        0x3 
 .rodata.dcd_rp2040_irq.str1.4
                0x10008714       0x14 CMakeFiles/FIRFilter.dir/C_/VSARM/sdk/pico/pico-sdk/lib/tinyusb/src/portable/raspberrypi/rp2040/dcd_rp2040.c.obj
 .rodata.dcd_int_enable.str1.4
                0x10008728        0xc CMakeFiles/FIRFilter.dir/C_/VSARM/sdk/pico/pico-sdk/lib/tinyusb/src/portable/raspberrypi/rp2040/dcd_rp2040.c.obj
 .rodata.__func__.0
                0x10008734        0xe CMakeFiles/FIRFilter.dir/C_/VSARM/sdk/pico/pico-sdk/lib/tinyusb/src/portable/raspberrypi/rp2040/dcd_rp2040.c.obj
 *fill*         0x10008742        0x2 
 .rodata.__func__.1
                0x10008744        0xe CMakeFiles/FIRFilter.dir/C_/VSARM/sdk/pico/pico-sdk/lib/tinyusb/src/portable/raspberrypi/rp2040/dcd_rp2040.c.obj
 *fill*         0x10008752        0x2 
 .rodata.__func__.3
                0x10008754       0x10 CMakeFiles/FIRFilter.dir/C_/VSARM/sdk/pico/pico-sdk/lib/tinyusb/src/portable/raspberrypi/rp2040/dcd_rp2040.c.obj
 .rodata.__func__.5
                0x10008764        0xf CMakeFiles/FIRFilter.dir/C_/VSARM/sdk/pico/pico-sdk/lib/tinyusb/src/portable/raspberrypi/rp2040/dcd_rp2040.c.obj
 *fill*         0x10008773        0x1 
 .rodata.__func__.6
                0x10008774       0x13 CMakeFiles/FIRFilter.dir/C_/VSARM/sdk/pico/pico-sdk/lib/tinyusb/src/portable/raspberrypi/rp2040/dcd_rp2040.c.obj
 *fill*         0x10008787        0x1 
 .rodata.__func__.7
                0x10008788        0x9 CMakeFiles/FIRFilter.dir/C_/VSARM/sdk/pico/pico-sdk/lib/tinyusb/src/portable/raspberrypi/rp2040/dcd_rp2040.c.obj
 *fill*         0x10008791        0x3 
 .rodata.sync_ep_buffer.str1.4
                0x10008794       0x91 CMakeFiles/FIRFilter.dir/C_/VSARM/sdk/pico/pico-sdk/lib/tinyusb/src/portable/raspberrypi/rp2040/rp2040_usb.c.obj
 *fill*         0x10008825        0x3 
 .rodata._hw_endpoint_buffer_control_update32.str1.4
                0x10008828       0x1f CMakeFiles/FIRFilter.dir/C_/VSARM/sdk/pico/pico-sdk/lib/tinyusb/src/portable/raspberrypi/rp2040/rp2040_usb.c.obj
 *fill*         0x10008847        0x1 
 .rodata.hw_endpoint_xfer_start.str1.4
                0x10008848       0x38 CMakeFiles/FIRFilter.dir/C_/VSARM/sdk/pico/pico-sdk/lib/tinyusb/src/portable/raspberrypi/rp2040/rp2040_usb.c.obj
 .rodata.hw_endpoint_xfer_continue.str1.4
                0x10008880       0x29 CMakeFiles/FIRFilter.dir/C_/VSARM/sdk/pico/pico-sdk/lib/tinyusb/src/portable/raspberrypi/rp2040/rp2040_usb.c.obj
 *fill*         0x100088a9        0x3 
 .rodata.str1.4
                0x100088ac        0x7 CMakeFiles/FIRFilter.dir/C_/VSARM/sdk/pico/pico-sdk/lib/tinyusb/src/portable/raspberrypi/rp2040/rp2040_usb.c.obj
 *fill*         0x100088b3        0x1 
 .rodata.__func__.0
                0x100088b4        0xf CMakeFiles/FIRFilter.dir/C_/VSARM/sdk/pico/pico-sdk/lib/tinyusb/src/portable/raspberrypi/rp2040/rp2040_usb.c.obj
 *fill*         0x100088c3        0x1 
 .rodata.process_set_config.str1.4
                0x100088c4       0x17 CMakeFiles/FIRFilter.dir/C_/VSARM/sdk/pico/pico-sdk/lib/tinyusb/src/device/usbd.c.obj
 *fill*         0x100088db        0x1 
 .rodata.process_get_descriptor
                0x100088dc       0x40 CMakeFiles/FIRFilter.dir/C_/VSARM/sdk/pico/pico-sdk/lib/tinyusb/src/device/usbd.c.obj
 .rodata.process_control_request
                0x1000891c       0x28 CMakeFiles/FIRFilter.dir/C_/VSARM/sdk/pico/pico-sdk/lib/tinyusb/src/device/usbd.c.obj
 .rodata.tud_task
                0x10008944       0x24 CMakeFiles/FIRFilter.dir/C_/VSARM/sdk/pico/pico-sdk/lib/tinyusb/src/device/usbd.c.obj
 .rodata.__func__.2
                0x10008968        0xf CMakeFiles/FIRFilter.dir/C_/VSARM/sdk/pico/pico-sdk/lib/tinyusb/src/device/usbd.c.obj
 *fill*         0x10008977        0x1 
 .rodata.__func__.3
                0x10008978        0xf CMakeFiles/FIRFilter.dir/C_/VSARM/sdk/pico/pico-sdk/lib/tinyusb/src/device/usbd.c.obj
 *fill*         0x10008987        0x1 
 .rodata.__func__.4
                0x10008988       0x14 CMakeFiles/FIRFilter.dir/C_/VSARM/sdk/pico/pico-sdk/lib/tinyusb/src/device/usbd.c.obj
 .rodata.__func__.5
                0x1000899c       0x10 CMakeFiles/FIRFilter.dir/C_/VSARM/sdk/pico/pico-sdk/lib/tinyusb/src/device/usbd.c.obj
 .rodata.__func__.6
                0x100089ac       0x17 CMakeFiles/FIRFilter.dir/C_/VSARM/sdk/pico/pico-sdk/lib/tinyusb/src/device/usbd.c.obj
 *fill*         0x100089c3        0x1 
 .rodata.__func__.7
                0x100089c4       0x13 CMakeFiles/FIRFilter.dir/C_/VSARM/sdk/pico/pico-sdk/lib/tinyusb/src/device/usbd.c.obj
 *fill*         0x100089d7        0x1 
 .rodata.__func__.8
                0x100089d8       0x18 CMakeFiles/FIRFilter.dir/C_/VSARM/sdk/pico/pico-sdk/lib/tinyusb/src/device/usbd.c.obj
 .rodata.__func__.9
                0x100089f0        0x9 CMakeFiles/FIRFilter.dir/C_/VSARM/sdk/pico/pico-sdk/lib/tinyusb/src/device/usbd.c.obj
 *fill*         0x100089f9        0x3 
 .rodata._usbd_driver
                0x100089fc       0x18 CMakeFiles/FIRFilter.dir/C_/VSARM/sdk/pico/pico-sdk/lib/tinyusb/src/device/usbd.c.obj
 .rodata.tud_control_xfer.str1.4
                0x10008a14       0x17 CMakeFiles/FIRFilter.dir/C_/VSARM/sdk/pico/pico-sdk/lib/tinyusb/src/device/usbd_control.c.obj
 .rodata.__func__.0
                0x10008a14       0x15 CMakeFiles/FIRFilter.dir/C_/VSARM/sdk/pico/pico-sdk/lib/tinyusb/src/device/usbd_control.c.obj
 *fill*         0x10008a29        0x3 
 .rodata.__func__.1
                0x10008a2c       0x11 CMakeFiles/FIRFilter.dir/C_/VSARM/sdk/pico/pico-sdk/lib/tinyusb/src/device/usbd_control.c.obj
 .rodata.tud_cdc_n_write_flush.str1.4
                0x10008a3d       0x17 CMakeFiles/FIRFilter.dir/C_/VSARM/sdk/pico/pico-sdk/lib/tinyusb/src/class/cdc/cdc_device.c.obj
 *fill*         0x10008a3d        0x3 
 .rodata.__func__.0
                0x10008a40        0xd CMakeFiles/FIRFilter.dir/C_/VSARM/sdk/pico/pico-sdk/lib/tinyusb/src/class/cdc/cdc_device.c.obj
 *fill*         0x10008a4d        0x3 
 .rodata.__func__.1
                0x10008a50        0xa CMakeFiles/FIRFilter.dir/C_/VSARM/sdk/pico/pico-sdk/lib/tinyusb/src/class/cdc/cdc_device.c.obj
 *fill*         0x10008a5a        0x2 
 .rodata.__func__.2
                0x10008a5c       0x16 CMakeFiles/FIRFilter.dir/C_/VSARM/sdk/pico/pico-sdk/lib/tinyusb/src/class/cdc/cdc_device.c.obj
 .rodata.tusb_init.str1.4
                0x10008a72       0x17 CMakeFiles/FIRFilter.dir/C_/VSARM/sdk/pico/pico-sdk/lib/tinyusb/src/tusb.c.obj
 *fill*         0x10008a72        0x2 
 .rodata.__func__.0
                0x10008a74       0x11 CMakeFiles/FIRFilter.dir/C_/VSARM/sdk/pico/pico-sdk/lib/tinyusb/src/tusb.c.obj
 *fill*         0x10008a85        0x3 
 .rodata.__func__.1
                0x10008a88        0xa CMakeFiles/FIRFilter.dir/C_/VSARM/sdk/pico/pico-sdk/lib/tinyusb/src/tusb.c.obj
 *fill*         0x10008a92        0x2 
 .rodata.pico_get_unique_board_id_string.str1.4
                0x10008a94       0x4d CMakeFiles/FIRFilter.dir/C_/VSARM/sdk/pico/pico-sdk/src/rp2_common/pico_unique_id/unique_id.c.obj
 *fill*         0x10008ae1        0x3 
 .rodata.__func__.0
                0x10008ae4       0x20 CMakeFiles/FIRFilter.dir/C_/VSARM/sdk/pico/pico-sdk/src/rp2_common/pico_unique_id/unique_id.c.obj
 .rodata.str1.4
                0x10008b04      0x15a CMakeFiles/FIRFilter.dir/C_/VSARM/sdk/pico/pico-sdk/src/rp2_common/hardware_flash/flash.c.obj
 *fill*         0x10008c5e        0x2 
 .rodata.__func__.0
                0x10008c60        0xd CMakeFiles/FIRFilter.dir/C_/VSARM/sdk/pico/pico-sdk/src/rp2_common/hardware_flash/flash.c.obj
                0x10008c70                . = ALIGN (0x4)
 *fill*         0x10008c6d        0x3 
 *(SORT_BY_ALIGNMENT(SORT_BY_NAME(.flashdata*)))
                0x10008c70                . = ALIGN (0x4)

.rel.dyn        0x10008c70        0x0
 .rel.iplt      0x10008c70        0x0 c:/vsarm/armcc/102021~1.10/bin/../lib/gcc/arm-none-eabi/10.3.1/thumb/v6-m/nofp/crtbegin.o

.ARM.extab
 *(.ARM.extab* .gnu.linkonce.armextab.*)
                0x10008c70                __exidx_start = .

.ARM.exidx
 *(.ARM.exidx* .gnu.linkonce.armexidx.*)
                0x10008c70                __exidx_end = .
                0x10008c70                . = ALIGN (0x4)
                0x10008c70                __binary_info_start = .

.binary_info    0x10008c70       0x20
 *(.binary_info.keep.*)
 .binary_info.keep.__bi_ptr22
                0x10008c70        0x4 CMakeFiles/FIRFilter.dir/C_/VSARM/sdk/pico/pico-sdk/src/rp2_common/pico_standard_link/binary_info.c.obj
 .binary_info.keep.__bi_ptr30
                0x10008c74        0x4 CMakeFiles/FIRFilter.dir/C_/VSARM/sdk/pico/pico-sdk/src/rp2_common/pico_standard_link/binary_info.c.obj
 .binary_info.keep.__bi_ptr38
                0x10008c78        0x4 CMakeFiles/FIRFilter.dir/C_/VSARM/sdk/pico/pico-sdk/src/rp2_common/pico_standard_link/binary_info.c.obj
 .binary_info.keep.__bi_ptr44
                0x10008c7c        0x4 CMakeFiles/FIRFilter.dir/C_/VSARM/sdk/pico/pico-sdk/src/rp2_common/pico_standard_link/binary_info.c.obj
 .binary_info.keep.__bi_ptr50
                0x10008c80        0x4 CMakeFiles/FIRFilter.dir/C_/VSARM/sdk/pico/pico-sdk/src/rp2_common/pico_standard_link/binary_info.c.obj
 .binary_info.keep.__bi_ptr75
                0x10008c84        0x4 CMakeFiles/FIRFilter.dir/C_/VSARM/sdk/pico/pico-sdk/src/rp2_common/pico_standard_link/binary_info.c.obj
 .binary_info.keep.__bi_ptr81
                0x10008c88        0x4 CMakeFiles/FIRFilter.dir/C_/VSARM/sdk/pico/pico-sdk/src/rp2_common/pico_standard_link/binary_info.c.obj
 *(.binary_info.*)
 .binary_info.__bi_ptr118
                0x10008c8c        0x4 CMakeFiles/FIRFilter.dir/C_/VSARM/sdk/pico/pico-sdk/src/rp2_common/pico_stdio_usb/stdio_usb.c.obj
                0x10008c90                __binary_info_end = .
                0x10008c90                . = ALIGN (0x4)
                0x10008c90                __etext = .

.ram_vector_table
                0x20000000       0xc0
 *(.ram_vector_table)
 .ram_vector_table
                0x20000000       0xc0 CMakeFiles/FIRFilter.dir/C_/VSARM/sdk/pico/pico-sdk/src/rp2_common/pico_runtime/runtime.c.obj
                0x20000000                ram_vector_table

.data           0x200000c0      0x460 load address 0x10008c90
                0x200000c0                __data_start__ = .
 *(vtable)
 *(.time_critical*)
 .time_critical.mutex_enter_blocking
                0x200000c0       0x48 CMakeFiles/FIRFilter.dir/C_/VSARM/sdk/pico/pico-sdk/src/common/pico_sync/mutex.c.obj
                0x200000c0                mutex_enter_blocking
 .time_critical.mutex_try_enter
                0x20000108       0x46 CMakeFiles/FIRFilter.dir/C_/VSARM/sdk/pico/pico-sdk/src/common/pico_sync/mutex.c.obj
                0x20000108                mutex_try_enter
 *fill*         0x2000014e        0x2 
 .time_critical.mutex_enter_block_until
                0x20000150       0x8c CMakeFiles/FIRFilter.dir/C_/VSARM/sdk/pico/pico-sdk/src/common/pico_sync/mutex.c.obj
                0x20000150                mutex_enter_block_until
 .time_critical.mutex_enter_timeout_ms
                0x200001dc       0x74 CMakeFiles/FIRFilter.dir/C_/VSARM/sdk/pico/pico-sdk/src/common/pico_sync/mutex.c.obj
                0x200001dc                mutex_enter_timeout_ms
 .time_critical.mutex_exit
                0x20000250       0x4c CMakeFiles/FIRFilter.dir/C_/VSARM/sdk/pico/pico-sdk/src/common/pico_sync/mutex.c.obj
                0x20000250                mutex_exit
 .time_critical.flash_init_boot2_copyout
                0x2000029c       0x30 CMakeFiles/FIRFilter.dir/C_/VSARM/sdk/pico/pico-sdk/src/rp2_common/hardware_flash/flash.c.obj
 .time_critical.flash_enable_xip_via_boot2
                0x200002cc       0x10 CMakeFiles/FIRFilter.dir/C_/VSARM/sdk/pico/pico-sdk/src/rp2_common/hardware_flash/flash.c.obj
 .time_critical.flash_cs_force
                0x200002dc       0x28 CMakeFiles/FIRFilter.dir/C_/VSARM/sdk/pico/pico-sdk/src/rp2_common/hardware_flash/flash.c.obj
 .time_critical.flash_do_cmd
                0x20000304       0xd8 CMakeFiles/FIRFilter.dir/C_/VSARM/sdk/pico/pico-sdk/src/rp2_common/hardware_flash/flash.c.obj
                0x20000304                flash_do_cmd
 *(.text*)
 .text          0x200003dc        0x4 c:/vsarm/armcc/102021~1.10/bin/../lib/gcc/arm-none-eabi/10.3.1/thumb/v6-m/nofp\libgcc.a(_dvmd_tls.o)
                0x200003dc                __aeabi_idiv0
                0x200003dc                __aeabi_ldiv0
 .text.__stub   0x200003e0       0x40 linker stubs
                0x20000420                . = ALIGN (0x4)
 *(.rodata*)
                0x20000420                . = ALIGN (0x4)
 *(.data*)
 .data.striped_spin_lock_num
                0x20000420        0x1 CMakeFiles/FIRFilter.dir/C_/VSARM/sdk/pico/pico-sdk/src/rp2_common/hardware_sync/sync.c.obj
 *fill*         0x20000421        0x3 
 .data          0x20000424       0x48 CMakeFiles/FIRFilter.dir/C_/VSARM/sdk/pico/pico-sdk/src/rp2_common/hardware_irq/irq_handler_chain.S.obj
                0x20000424                irq_handler_chain_slots
                0x20000454                irq_handler_chain_first_slot
                0x2000045e                irq_handler_chain_remove_tail
 .data.default_alarm_pool
                0x2000046c       0x18 CMakeFiles/FIRFilter.dir/C_/VSARM/sdk/pico/pico-sdk/src/common/pico_time/time.c.obj
 .data.default_alarm_pool_heap
                0x20000484       0x10 CMakeFiles/FIRFilter.dir/C_/VSARM/sdk/pico/pico-sdk/src/common/pico_time/time.c.obj
 *fill*         0x20000494        0xc 
 .data.aeabi_bits_funcs
                0x200004a0       0x10 CMakeFiles/FIRFilter.dir/C_/VSARM/sdk/pico/pico-sdk/src/rp2_common/pico_bit_ops/bit_ops_aeabi.S.obj
                0x200004a0                aeabi_bits_funcs
                0x200004b0                aeabi_bits_funcs_end
 .data.aeabi_mem_funcs
                0x200004b0       0x10 CMakeFiles/FIRFilter.dir/C_/VSARM/sdk/pico/pico-sdk/src/rp2_common/pico_mem_ops/mem_ops_aeabi.S.obj
                0x200004b0                aeabi_mem_funcs
                0x200004c0                aeabi_mem_funcs_end
 .data.stdio_usb
                0x200004c0       0x14 CMakeFiles/FIRFilter.dir/C_/VSARM/sdk/pico/pico-sdk/src/rp2_common/pico_stdio_usb/stdio_usb.c.obj
                0x200004c0                stdio_usb
 .data.ep_dir_string
                0x200004d4        0x8 CMakeFiles/FIRFilter.dir/C_/VSARM/sdk/pico/pico-sdk/lib/tinyusb/src/portable/raspberrypi/rp2040/rp2040_usb.c.obj
                0x200004d4                ep_dir_string
 .data._usbd_qdef
                0x200004dc       0x24 CMakeFiles/FIRFilter.dir/C_/VSARM/sdk/pico/pico-sdk/lib/tinyusb/src/device/usbd.c.obj
                0x200004dc                _usbd_qdef
                0x20000500                . = ALIGN (0x4)
 *(.after_data.*)
                0x20000500                . = ALIGN (0x4)
                0x20000500                PROVIDE (__mutex_array_start = .)
 *(SORT_BY_NAME(.mutex_array.*))
 *(.mutex_array)
 .mutex_array   0x20000500        0x8 CMakeFiles/FIRFilter.dir/C_/VSARM/sdk/pico/pico-sdk/src/rp2_common/pico_stdio/stdio.c.obj
                0x20000508                PROVIDE (__mutex_array_end = .)
                0x20000508                . = ALIGN (0x4)
                0x20000508                PROVIDE (__preinit_array_start = .)
 *(SORT_BY_NAME(.preinit_array.*))
 .preinit_array.00001
                0x20000508        0x4 CMakeFiles/FIRFilter.dir/C_/VSARM/sdk/pico/pico-sdk/src/rp2_common/pico_mem_ops/mem_ops_aeabi.S.obj
 .preinit_array.00010
                0x2000050c        0x4 CMakeFiles/FIRFilter.dir/C_/VSARM/sdk/pico/pico-sdk/src/rp2_common/pico_bit_ops/bit_ops_aeabi.S.obj
 .preinit_array.00020
                0x20000510        0x4 CMakeFiles/FIRFilter.dir/C_/VSARM/sdk/pico/pico-sdk/src/rp2_common/pico_double/double_aeabi.S.obj
 .preinit_array.00020
                0x20000514        0x4 CMakeFiles/FIRFilter.dir/C_/VSARM/sdk/pico/pico-sdk/src/rp2_common/pico_float/float_aeabi.S.obj
 *(.preinit_array)
                0x20000518                PROVIDE (__preinit_array_end = .)
                0x20000518                . = ALIGN (0x4)
                0x20000518                PROVIDE (__init_array_start = .)
 *(SORT_BY_NAME(.init_array.*))
 *(.init_array)
 .init_array    0x20000518        0x4 c:/vsarm/armcc/102021~1.10/bin/../lib/gcc/arm-none-eabi/10.3.1/thumb/v6-m/nofp/crtbegin.o
 .init_array    0x2000051c        0x4 CMakeFiles/FIRFilter.dir/C_/VSARM/sdk/pico/pico-sdk/src/rp2_common/pico_unique_id/unique_id.c.obj
                0x20000520                PROVIDE (__init_array_end = .)
                0x20000520                . = ALIGN (0x4)
                [!provide]                PROVIDE (__fini_array_start = .)
 *(SORT_BY_NAME(.fini_array.*))
 *(.fini_array)
                [!provide]                PROVIDE (__fini_array_end = .)
 *(.jcr)
                0x20000520                . = ALIGN (0x4)
                0x20000520                __data_end__ = .

.igot.plt       0x20000520        0x0 load address 0x100090f0
 .igot.plt      0x20000520        0x0 c:/vsarm/armcc/102021~1.10/bin/../lib/gcc/arm-none-eabi/10.3.1/thumb/v6-m/nofp/crtbegin.o

.uninitialized_data
                0x20000520        0x0 load address 0x100090f0
                0x20000520                . = ALIGN (0x4)
 *(.uninitialized_data*)

.scratch_x      0x20040000        0x0 load address 0x100090f0
                0x20040000                __scratch_x_start__ = .
 *(.scratch_x.*)
                0x20040000                . = ALIGN (0x4)
                0x20040000                __scratch_x_end__ = .
                0x100090f0                __scratch_x_source__ = LOADADDR (.scratch_x)

.scratch_y      0x20041000        0x0 load address 0x100090f0
                0x20041000                __scratch_y_start__ = .
 *(.scratch_y.*)
                0x20041000                . = ALIGN (0x4)
                0x20041000                __scratch_y_end__ = .
                0x100090f0                __scratch_y_source__ = LOADADDR (.scratch_y)

.bss            0x20000520      0xdcc
                0x20000520                . = ALIGN (0x4)
                0x20000520                __bss_start__ = .
 *(SORT_BY_ALIGNMENT(SORT_BY_NAME(.bss*)))
 .bss.default_alarm_pool_entries
                0x20000520      0x100 CMakeFiles/FIRFilter.dir/C_/VSARM/sdk/pico/pico-sdk/src/common/pico_time/time.c.obj
 .bss.last_avail_time.3
                0x20000620        0x8 CMakeFiles/FIRFilter.dir/C_/VSARM/sdk/pico/pico-sdk/src/rp2_common/pico_stdio_usb/stdio_usb.c.obj
 .bss           0x20000628       0x1c c:/vsarm/armcc/102021~1.10/bin/../lib/gcc/arm-none-eabi/10.3.1/thumb/v6-m/nofp/crtbegin.o
 .bss._app_driver
                0x20000644        0x4 CMakeFiles/FIRFilter.dir/C_/VSARM/sdk/pico/pico-sdk/lib/tinyusb/src/device/usbd.c.obj
 .bss._cdcd_itf
                0x20000648      0x2d8 CMakeFiles/FIRFilter.dir/C_/VSARM/sdk/pico/pico-sdk/lib/tinyusb/src/class/cdc/cdc_device.c.obj
 .bss._ctrl_xfer
                0x20000920       0x14 CMakeFiles/FIRFilter.dir/C_/VSARM/sdk/pico/pico-sdk/lib/tinyusb/src/device/usbd_control.c.obj
 .bss._ubsd_mutexdef
                0x20000934        0x8 CMakeFiles/FIRFilter.dir/C_/VSARM/sdk/pico/pico-sdk/lib/tinyusb/src/device/usbd.c.obj
 .bss._usbd_ctrl_buf
                0x2000093c       0x40 CMakeFiles/FIRFilter.dir/C_/VSARM/sdk/pico/pico-sdk/lib/tinyusb/src/device/usbd_control.c.obj
 .bss._usbd_dev
                0x2000097c       0x53 CMakeFiles/FIRFilter.dir/C_/VSARM/sdk/pico/pico-sdk/lib/tinyusb/src/device/usbd.c.obj
 *fill*         0x200009cf        0x1 
 .bss._usbd_mutex
                0x200009d0        0x4 CMakeFiles/FIRFilter.dir/C_/VSARM/sdk/pico/pico-sdk/lib/tinyusb/src/device/usbd.c.obj
 .bss._usbd_q   0x200009d4        0x4 CMakeFiles/FIRFilter.dir/C_/VSARM/sdk/pico/pico-sdk/lib/tinyusb/src/device/usbd.c.obj
 .bss._usbd_qdef_buf
                0x200009d8       0xc0 CMakeFiles/FIRFilter.dir/C_/VSARM/sdk/pico/pico-sdk/lib/tinyusb/src/device/usbd.c.obj
                0x200009d8                _usbd_qdef_buf
 .bss.alarm_callbacks